{"timestamp":"2026-01-16T04:58:04.574097Z","level":"info","event":"DAG bundles loaded: dags-folder, example_dags","logger":"airflow.dag_processing.bundles.manager.DagBundlesManager","filename":"manager.py","lineno":179}
{"timestamp":"2026-01-16T04:58:04.575422Z","level":"info","event":"Filling up the DagBag from /opt/airflow/dags/dag_drift_monitoring.py","logger":"airflow.models.dagbag.DagBag","filename":"dagbag.py","lineno":593}
{"timestamp":"2026-01-16T04:58:07.585981Z","level":"warning","event":"The `airflow.operators.python.PythonOperator` attribute is deprecated. Please use `'airflow.providers.standard.operators.python.PythonOperator'`.","category":"DeprecatedImportWarning","filename":"/opt/airflow/dags/dag_drift_monitoring.py","lineno":14,"logger":"py.warnings"}
{"timestamp":"2026-01-16T04:58:07.586321Z","level":"warning","event":"The `airflow.operators.python.BranchPythonOperator` attribute is deprecated. Please use `'airflow.providers.standard.operators.python.BranchPythonOperator'`.","category":"DeprecatedImportWarning","filename":"/opt/airflow/dags/dag_drift_monitoring.py","lineno":14,"logger":"py.warnings"}
{"timestamp":"2026-01-16T04:58:07.586441Z","level":"warning","event":"The `airflow.operators.empty.EmptyOperator` attribute is deprecated. Please use `'airflow.providers.standard.operators.empty.EmptyOperator'`.","category":"DeprecatedImportWarning","filename":"/opt/airflow/dags/dag_drift_monitoring.py","lineno":15,"logger":"py.warnings"}
{"timestamp":"2026-01-16T04:58:07.619473Z","level":"info","event":"Task instance is in running state","logger":"task.stdout"}
{"timestamp":"2026-01-16T04:58:07.620086Z","level":"info","event":" Previous state of the Task instance: TaskInstanceState.QUEUED","logger":"task.stdout"}
{"timestamp":"2026-01-16T04:58:07.621101Z","level":"info","event":"Current task name:retrain_task","logger":"task.stdout"}
{"timestamp":"2026-01-16T04:58:07.621481Z","level":"info","event":"Dag name:drift_monitoring_dag","logger":"task.stdout"}
{"timestamp":"2026-01-16T04:58:07.622644Z","level":"info","event":"Запуск переобучения модели...","logger":"task.stdout"}
{"timestamp":"2026-01-16T04:58:07.633596Z","level":"info","event":"","logger":"task.stdout"}
{"timestamp":"2026-01-16T04:58:07.633883Z","level":"info","event":"Информация о данных:","logger":"task.stdout"}
{"timestamp":"2026-01-16T04:58:07.634101Z","level":"info","event":"  Размер: (300, 7)","logger":"task.stdout"}
{"timestamp":"2026-01-16T04:58:07.634341Z","level":"info","event":"  Колонки: ['Unnamed: 0', 'age', 'sex', 'credit_amount', 'duration', 'foreign_worker_', 'class']","logger":"task.stdout"}
{"timestamp":"2026-01-16T04:58:07.634560Z","level":"info","event":"  Типы данных:","logger":"task.stdout"}
{"timestamp":"2026-01-16T04:58:07.634892Z","level":"info","event":"    Unnamed: 0: int64","logger":"task.stdout"}
{"timestamp":"2026-01-16T04:58:07.635155Z","level":"info","event":"    age: int64","logger":"task.stdout"}
{"timestamp":"2026-01-16T04:58:07.635394Z","level":"info","event":"    sex: object","logger":"task.stdout"}
{"timestamp":"2026-01-16T04:58:07.635607Z","level":"info","event":"    credit_amount: int64","logger":"task.stdout"}
{"timestamp":"2026-01-16T04:58:07.635825Z","level":"info","event":"    duration: int64","logger":"task.stdout"}
{"timestamp":"2026-01-16T04:58:07.636050Z","level":"info","event":"    foreign_worker_: object","logger":"task.stdout"}
{"timestamp":"2026-01-16T04:58:07.636332Z","level":"info","event":"    class: int64","logger":"task.stdout"}
{"timestamp":"2026-01-16T04:58:07.636549Z","level":"info","event":"","logger":"task.stdout"}
{"timestamp":"2026-01-16T04:58:07.636772Z","level":"info","event":"Распределение целевой переменной:","logger":"task.stdout"}
{"timestamp":"2026-01-16T04:58:07.637004Z","level":"info","event":"1    163","logger":"task.stdout"}
{"timestamp":"2026-01-16T04:58:07.637257Z","level":"info","event":"0    137","logger":"task.stdout"}
{"timestamp":"2026-01-16T04:58:07.637508Z","level":"info","event":"Name: class, dtype: int64","logger":"task.stdout"}
{"timestamp":"2026-01-16T04:58:07.637660Z","level":"warning","event":"The filesystem tracking backend (e.g., './mlruns') will be deprecated in February 2026. Consider transitioning to a database backend (e.g., 'sqlite:///mlflow.db') to take advantage of the latest MLflow features. See https://github.com/mlflow/mlflow/issues/18534 for more details and migration guidance. For migrating existing data, https://github.com/mlflow/mlflow-export-import can be used.","category":"FutureWarning","filename":"/home/airflow/.local/lib/python3.11/site-packages/mlflow/tracking/_tracking_service/utils.py","lineno":178,"logger":"py.warnings"}
{"timestamp":"2026-01-16T04:58:07.717437Z","level":"info","event":"","logger":"task.stdout"}
{"timestamp":"2026-01-16T04:58:07.717817Z","level":"info","event":"Настройка PyCaret...","logger":"task.stdout"}
{"timestamp":"2026-01-16T04:58:07.725603Z","level":"info","event":"START_DATA =      age  sex  credit_amount  duration  foreign_worker_  class","logger":"task.stdout"}
{"timestamp":"2026-01-16T04:58:07.725995Z","level":"info","event":"0     49    0           5943        24                0      0","logger":"task.stdout"}
{"timestamp":"2026-01-16T04:58:07.726315Z","level":"info","event":"1     50    0            339        12                0      1","logger":"task.stdout"}
{"timestamp":"2026-01-16T04:58:07.726588Z","level":"info","event":"2     53    0           5190        27                0      1","logger":"task.stdout"}
{"timestamp":"2026-01-16T04:58:07.726862Z","level":"info","event":"3     31    0           3518         6                0      1","logger":"task.stdout"}
{"timestamp":"2026-01-16T04:58:07.727106Z","level":"info","event":"4     29    0           7472        12                0      1","logger":"task.stdout"}
{"timestamp":"2026-01-16T04:58:07.727486Z","level":"info","event":"..   ...  ...            ...       ...              ...    ...","logger":"task.stdout"}
{"timestamp":"2026-01-16T04:58:07.727721Z","level":"info","event":"295   36    0           3430        24                0      1","logger":"task.stdout"}
{"timestamp":"2026-01-16T04:58:07.727939Z","level":"info","event":"296   26    0           6568        24                0      1","logger":"task.stdout"}
{"timestamp":"2026-01-16T04:58:07.728135Z","level":"info","event":"297   34    0           1437         9                0      0","logger":"task.stdout"}
{"timestamp":"2026-01-16T04:58:07.728345Z","level":"info","event":"298   31    0           4463        36                0      0","logger":"task.stdout"}
{"timestamp":"2026-01-16T04:58:07.728570Z","level":"info","event":"299   27    0            454         6                0      1","logger":"task.stdout"}
{"timestamp":"2026-01-16T04:58:07.728795Z","level":"info","event":"","logger":"task.stdout"}
{"timestamp":"2026-01-16T04:58:07.729036Z","level":"info","event":"[300 rows x 6 columns]","logger":"task.stdout"}
{"timestamp":"2026-01-16T04:58:08.722416Z","level":"info","event":"PyCaret настроен успешно!","logger":"task.stdout"}
{"timestamp":"2026-01-16T04:58:14.812950Z","level":"info","event":"","logger":"task.stdout"}
{"timestamp":"2026-01-16T04:58:14.813319Z","level":"info","event":"Результаты сравнения моделей:","logger":"task.stdout"}
{"timestamp":"2026-01-16T04:58:14.815222Z","level":"info","event":"                                    Model  Accuracy     AUC  Recall   Prec.      F1","logger":"task.stdout"}
{"timestamp":"2026-01-16T04:58:14.815512Z","level":"info","event":"lr                    Logistic Regression    0.4708  0.4409  0.7385  0.5031  0.5958","logger":"task.stdout"}
{"timestamp":"2026-01-16T04:58:14.816007Z","level":"info","event":"lightgbm  Light Gradient Boosting Machine    0.5083  0.4885  0.5846  0.5468  0.5588","logger":"task.stdout"}
{"timestamp":"2026-01-16T04:58:14.816276Z","level":"info","event":"catboost              CatBoost Classifier    0.4917  0.5143  0.5692  0.5292  0.5437","logger":"task.stdout"}
{"timestamp":"2026-01-16T04:58:14.816536Z","level":"info","event":"rf               Random Forest Classifier    0.4708  0.4393  0.5615  0.5113  0.5328","logger":"task.stdout"}
{"timestamp":"2026-01-16T04:58:14.816865Z","level":"info","event":"gbc          Gradient Boosting Classifier    0.4542  0.4598  0.5000  0.4959  0.4957","logger":"task.stdout"}
{"timestamp":"2026-01-16T04:58:14.817085Z","level":"info","event":"dt               Decision Tree Classifier    0.4333  0.4287  0.4846  0.4782  0.4799","logger":"task.stdout"}
{"timestamp":"2026-01-16T04:58:14.817292Z","level":"info","event":"","logger":"task.stdout"}
{"timestamp":"2026-01-16T04:58:14.817496Z","level":"info","event":"ЛУЧШАЯ МОДЕЛЬ: LogisticRegression","logger":"task.stdout"}
{"timestamp":"2026-01-16T04:58:14.817807Z","level":"info","event":"Параметры модели:","logger":"task.stdout"}
{"timestamp":"2026-01-16T04:58:14.818010Z","level":"info","event":"  C: 1.0","logger":"task.stdout"}
{"timestamp":"2026-01-16T04:58:14.818235Z","level":"info","event":"  class_weight: None","logger":"task.stdout"}
{"timestamp":"2026-01-16T04:58:14.818437Z","level":"info","event":"  dual: False","logger":"task.stdout"}
{"timestamp":"2026-01-16T04:58:14.818641Z","level":"info","event":"  fit_intercept: True","logger":"task.stdout"}
{"timestamp":"2026-01-16T04:58:14.818836Z","level":"info","event":"  intercept_scaling: 1","logger":"task.stdout"}
{"timestamp":"2026-01-16T04:58:14.819084Z","level":"info","event":"  l1_ratio: None","logger":"task.stdout"}
{"timestamp":"2026-01-16T04:58:14.819281Z","level":"info","event":"  max_iter: 1000","logger":"task.stdout"}
{"timestamp":"2026-01-16T04:58:14.819484Z","level":"info","event":"  multi_class: auto","logger":"task.stdout"}
{"timestamp":"2026-01-16T04:58:14.819841Z","level":"info","event":"  n_jobs: None","logger":"task.stdout"}
{"timestamp":"2026-01-16T04:58:14.820183Z","level":"info","event":"  penalty: l2","logger":"task.stdout"}
{"timestamp":"2026-01-16T04:58:14.826975Z","level":"info","event":"Transformation Pipeline and Model Successfully Saved","logger":"task.stdout"}
{"timestamp":"2026-01-16T04:58:15.054312Z","level":"info","event":"","logger":"task.stdout"}
{"timestamp":"2026-01-16T04:58:15.054700Z","level":"info","event":"Модель сохранена: /opt/airflow/models/best_model_20260116_045814.pkl","logger":"task.stdout"}
{"timestamp":"2026-01-16T04:58:15.055660Z","level":"info","event":"Результаты эксперимента сохранены: /opt/airflow/models/experiment_results_20260116_045815.csv","logger":"task.stdout"}
{"timestamp":"2026-01-16T04:58:15.057377Z","level":"info","event":"Метаданные сохранены: /opt/airflow/models/metadata_20260116_045815.json","logger":"task.stdout"}
{"timestamp":"2026-01-16T04:58:15.944842Z","level":"warning","event":"Hint: Inferred schema contains integer column(s). Integer columns in Python cannot represent missing values. If your input data contains missing values at inference time, it will be encoded as floats and will cause a schema enforcement error. The best way to avoid this problem is to infer the model schema based on a realistic data sample (training dataset) that includes missing values. Alternatively, you can declare integer columns as doubles (float64) whenever these columns may have missing values. See `Handling Integers With Missing Values <https://www.mlflow.org/docs/latest/models.html#handling-integers-with-missing-values>`_ for more details.","category":"UserWarning","filename":"/home/airflow/.local/lib/python3.11/site-packages/mlflow/types/utils.py","lineno":452,"logger":"py.warnings"}
{"timestamp":"2026-01-16T04:58:15.945621Z","level":"error","event":"2026/01/16 04:58:15 WARNING mlflow.models.model: `artifact_path` is deprecated. Please use `name` instead.","logger":"task.stderr"}
{"timestamp":"2026-01-16T04:58:20.783261Z","level":"warning","event":"The filesystem model registry backend (e.g., './mlruns') will be deprecated in February 2026. Consider transitioning to a database backend (e.g., 'sqlite:///mlflow.db') to take advantage of the latest MLflow features. See https://github.com/mlflow/mlflow/issues/18534 for more details and migration guidance. For migrating existing data, https://github.com/mlflow/mlflow-export-import can be used.","category":"FutureWarning","filename":"/home/airflow/.local/lib/python3.11/site-packages/mlflow/tracking/_model_registry/utils.py","lineno":216,"logger":"py.warnings"}
{"timestamp":"2026-01-16T04:58:28.317747Z","level":"error","event":"Registered model 'CreditRiskModel' already exists. Creating a new version of this model...","logger":"task.stderr"}
{"timestamp":"2026-01-16T04:58:45.585458Z","level":"error","event":"Created version '64' of model 'CreditRiskModel'.","logger":"task.stderr"}
{"timestamp":"2026-01-16T04:59:13.987310Z","level":"info","event":"Ошибка при архивировании Production моделей: Invalid attribute key 'stage' specified. Valid keys are '{'version_number', 'name', 'source_path', 'run_id'}'","logger":"task.stdout"}
{"timestamp":"2026-01-16T04:59:13.987442Z","level":"warning","event":"``mlflow.tracking.client.MlflowClient.transition_model_version_stage`` is deprecated since 2.9.0. Model registry stages will be removed in a future major release. To learn more about the deprecation of model registry stages, see our migration guide here: https://mlflow.org/docs/latest/model-registry.html#migrating-from-stages","category":"FutureWarning","filename":"/opt/airflow/dags/dag_drift_monitoring.py","lineno":302,"logger":"py.warnings"}
{"timestamp":"2026-01-16T04:59:30.476010Z","level":"info","event":"Версия 64 переведена в Staging","logger":"task.stdout"}
{"timestamp":"2026-01-16T04:59:30.517319Z","level":"info","event":"","logger":"task.stdout"}
{"timestamp":"2026-01-16T04:59:30.517621Z","level":"info","event":"AutoML с PyCaret завершен успешно!","logger":"task.stdout"}
{"timestamp":"2026-01-16T04:59:30.517871Z","level":"info","event":"   Лучшая модель: LogisticRegression","logger":"task.stdout"}
{"timestamp":"2026-01-16T04:59:30.518260Z","level":"info","event":"   Точность: 0.4708","logger":"task.stdout"}
{"timestamp":"2026-01-16T04:59:30.518554Z","level":"info","event":"   AUC: 0.4409","logger":"task.stdout"}
{"timestamp":"2026-01-16T04:59:30.518807Z","level":"info","event":"","logger":"task.stdout"}
{"timestamp":"2026-01-16T04:59:30.519042Z","level":"info","event":"Модель зарегистрирована в MLflow Registry:","logger":"task.stdout"}
{"timestamp":"2026-01-16T04:59:30.519694Z","level":"info","event":"  Имя модели: CreditRiskModel","logger":"task.stdout"}
{"timestamp":"2026-01-16T04:59:30.520179Z","level":"info","event":"  Версия: 64","logger":"task.stdout"}
{"timestamp":"2026-01-16T04:59:30.520571Z","level":"info","event":"  Стадия: None","logger":"task.stdout"}
{"timestamp":"2026-01-16T04:59:30.517654Z","level":"info","event":"Done. Returned value was: {'status': 'success', 'best_model': 'LogisticRegression', 'accuracy': 0.4708, 'model_path': '/opt/airflow/models/best_model_20260116_045814.pkl', 'model_version': 64, 'model_stage': 'None'}","logger":"airflow.task.operators.airflow.providers.standard.operators.python.PythonOperator","filename":"python.py","lineno":216}
{"timestamp":"2026-01-16T04:59:30.517964Z","level":"info","event":"Pushing xcom","ti":"RuntimeTaskInstance(id=UUID('019bc52a-c352-7c65-8b43-35eb898e51a4'), task_id='retrain_task', dag_id='drift_monitoring_dag', run_id='manual__2026-01-16T04:57:51+00:00', try_number=1, dag_version_id=UUID('019bc280-6888-7643-982a-2cc533e5f339'), map_index=-1, hostname='20e52e004c12', context_carrier={}, task=<Task(PythonOperator): retrain_task>, bundle_instance=LocalDagBundle(name=dags-folder), max_tries=1, start_date=datetime.datetime(2026, 1, 16, 4, 58, 4, 234794, tzinfo=datetime.timezone.utc), end_date=None, state=<TaskInstanceState.RUNNING: 'running'>, is_mapped=False, rendered_map_index=None)","logger":"task","filename":"task_runner.py","lineno":1450}
{"timestamp":"2026-01-16T04:59:30.554316Z","level":"info","event":"Task instance in success state","logger":"task.stdout"}
{"timestamp":"2026-01-16T04:59:30.555157Z","level":"info","event":" Previous state of the Task instance: TaskInstanceState.RUNNING","logger":"task.stdout"}
{"timestamp":"2026-01-16T04:59:30.555885Z","level":"info","event":"Task operator:<Task(PythonOperator): retrain_task>","logger":"task.stdout"}
