{"timestamp":"2026-01-16T05:24:57.733915Z","level":"info","event":"DAG bundles loaded: dags-folder, example_dags","logger":"airflow.dag_processing.bundles.manager.DagBundlesManager","filename":"manager.py","lineno":179}
{"timestamp":"2026-01-16T05:24:57.735059Z","level":"info","event":"Filling up the DagBag from /opt/airflow/dags/dag_drift_monitoring.py","logger":"airflow.models.dagbag.DagBag","filename":"dagbag.py","lineno":593}
{"timestamp":"2026-01-16T05:25:01.200849Z","level":"warning","event":"The `airflow.operators.python.PythonOperator` attribute is deprecated. Please use `'airflow.providers.standard.operators.python.PythonOperator'`.","category":"DeprecatedImportWarning","filename":"/opt/airflow/dags/dag_drift_monitoring.py","lineno":14,"logger":"py.warnings"}
{"timestamp":"2026-01-16T05:25:01.200985Z","level":"warning","event":"The `airflow.operators.python.BranchPythonOperator` attribute is deprecated. Please use `'airflow.providers.standard.operators.python.BranchPythonOperator'`.","category":"DeprecatedImportWarning","filename":"/opt/airflow/dags/dag_drift_monitoring.py","lineno":14,"logger":"py.warnings"}
{"timestamp":"2026-01-16T05:25:01.201053Z","level":"warning","event":"The `airflow.operators.empty.EmptyOperator` attribute is deprecated. Please use `'airflow.providers.standard.operators.empty.EmptyOperator'`.","category":"DeprecatedImportWarning","filename":"/opt/airflow/dags/dag_drift_monitoring.py","lineno":15,"logger":"py.warnings"}
{"timestamp":"2026-01-16T05:25:01.219817Z","level":"info","event":"Task instance is in running state","logger":"task.stdout"}
{"timestamp":"2026-01-16T05:25:01.221242Z","level":"info","event":" Previous state of the Task instance: TaskInstanceState.QUEUED","logger":"task.stdout"}
{"timestamp":"2026-01-16T05:25:01.222518Z","level":"info","event":"Current task name:promote_to_production_task","logger":"task.stdout"}
{"timestamp":"2026-01-16T05:25:01.223257Z","level":"info","event":"Dag name:drift_monitoring_dag","logger":"task.stdout"}
{"timestamp":"2026-01-16T05:25:01.225817Z","level":"info","event":"Перевод Staging модели в Production...","logger":"task.stdout"}
{"timestamp":"2026-01-16T05:25:01.234144Z","level":"warning","event":"The filesystem tracking backend (e.g., './mlruns') will be deprecated in February 2026. Consider transitioning to a database backend (e.g., 'sqlite:///mlflow.db') to take advantage of the latest MLflow features. See https://github.com/mlflow/mlflow/issues/18534 for more details and migration guidance. For migrating existing data, https://github.com/mlflow/mlflow-export-import can be used.","category":"FutureWarning","filename":"/home/airflow/.local/lib/python3.11/site-packages/mlflow/tracking/_tracking_service/utils.py","lineno":178,"logger":"py.warnings"}
{"timestamp":"2026-01-16T05:25:01.278538Z","level":"warning","event":"The filesystem model registry backend (e.g., './mlruns') will be deprecated in February 2026. Consider transitioning to a database backend (e.g., 'sqlite:///mlflow.db') to take advantage of the latest MLflow features. See https://github.com/mlflow/mlflow/issues/18534 for more details and migration guidance. For migrating existing data, https://github.com/mlflow/mlflow-export-import can be used.","category":"FutureWarning","filename":"/home/airflow/.local/lib/python3.11/site-packages/mlflow/tracking/_model_registry/utils.py","lineno":216,"logger":"py.warnings"}
{"timestamp":"2026-01-16T05:25:09.594858Z","level":"warning","event":"``mlflow.tracking.client.MlflowClient.get_latest_versions`` is deprecated since 2.9.0. Model registry stages will be removed in a future major release. To learn more about the deprecation of model registry stages, see our migration guide here: https://mlflow.org/docs/latest/model-registry.html#migrating-from-stages","category":"FutureWarning","filename":"/opt/airflow/dags/dag_drift_monitoring.py","lineno":747,"logger":"py.warnings"}
{"timestamp":"2026-01-16T05:25:34.667040Z","level":"info","event":"Ошибка при архивировании Production моделей: Invalid attribute key 'stage' specified. Valid keys are '{'version_number', 'name', 'source_path', 'run_id'}'","logger":"task.stdout"}
{"timestamp":"2026-01-16T05:25:34.667120Z","level":"warning","event":"``mlflow.tracking.client.MlflowClient.transition_model_version_stage`` is deprecated since 2.9.0. Model registry stages will be removed in a future major release. To learn more about the deprecation of model registry stages, see our migration guide here: https://mlflow.org/docs/latest/model-registry.html#migrating-from-stages","category":"FutureWarning","filename":"/opt/airflow/dags/dag_drift_monitoring.py","lineno":776,"logger":"py.warnings"}
{"timestamp":"2026-01-16T05:25:51.070123Z","level":"info","event":"✓ Модель версии 66 успешно переведена в Production!","logger":"task.stdout"}
{"timestamp":"2026-01-16T05:25:51.123526Z","level":"error","event":"2026/01/16 05:25:51 INFO mlflow.tracking.fluent: Experiment with name 'model_promotion' does not exist. Creating a new experiment.","logger":"task.stderr"}
{"timestamp":"2026-01-16T05:25:51.799178Z","level":"info","event":"Done. Returned value was: {'status': 'success', 'message': 'Model v66 promoted to Production', 'version': 66}","logger":"airflow.task.operators.airflow.providers.standard.operators.python.PythonOperator","filename":"python.py","lineno":216}
{"timestamp":"2026-01-16T05:25:51.799484Z","level":"info","event":"Pushing xcom","ti":"RuntimeTaskInstance(id=UUID('019bc53e-f5c2-7743-a3ca-cd4f4c900764'), task_id='promote_to_production_task', dag_id='drift_monitoring_dag', run_id='manual__2026-01-16T05:15:44+00:00', try_number=2, dag_version_id=UUID('019bc280-6888-7643-982a-2cc533e5f339'), map_index=-1, hostname='20e52e004c12', context_carrier={}, task=<Task(PythonOperator): promote_to_production_task>, bundle_instance=LocalDagBundle(name=dags-folder), max_tries=1, start_date=datetime.datetime(2026, 1, 16, 5, 24, 57, 343471, tzinfo=datetime.timezone.utc), end_date=None, state=<TaskInstanceState.RUNNING: 'running'>, is_mapped=False, rendered_map_index=None)","logger":"task","filename":"task_runner.py","lineno":1450}
{"timestamp":"2026-01-16T05:25:51.833444Z","level":"info","event":"Task instance in success state","logger":"task.stdout"}
{"timestamp":"2026-01-16T05:25:51.835000Z","level":"info","event":" Previous state of the Task instance: TaskInstanceState.RUNNING","logger":"task.stdout"}
{"timestamp":"2026-01-16T05:25:51.835853Z","level":"info","event":"Task operator:<Task(PythonOperator): promote_to_production_task>","logger":"task.stdout"}
