{"timestamp":"2026-01-14T19:50:29.367138Z","level":"info","event":"DAG bundles loaded: dags-folder, example_dags","logger":"airflow.dag_processing.bundles.manager.DagBundlesManager","filename":"manager.py","lineno":179}
{"timestamp":"2026-01-14T19:50:29.368181Z","level":"info","event":"Filling up the DagBag from /opt/airflow/dags/dag_drift_monitoring.py","logger":"airflow.models.dagbag.DagBag","filename":"dagbag.py","lineno":593}
{"timestamp":"2026-01-14T19:50:31.800271Z","level":"warning","event":"The `airflow.operators.python.PythonOperator` attribute is deprecated. Please use `'airflow.providers.standard.operators.python.PythonOperator'`.","category":"DeprecatedImportWarning","filename":"/opt/airflow/dags/dag_drift_monitoring.py","lineno":9,"logger":"py.warnings"}
{"timestamp":"2026-01-14T19:50:31.800408Z","level":"warning","event":"The `airflow.operators.python.BranchPythonOperator` attribute is deprecated. Please use `'airflow.providers.standard.operators.python.BranchPythonOperator'`.","category":"DeprecatedImportWarning","filename":"/opt/airflow/dags/dag_drift_monitoring.py","lineno":9,"logger":"py.warnings"}
{"timestamp":"2026-01-14T19:50:31.800478Z","level":"warning","event":"The `airflow.operators.empty.EmptyOperator` attribute is deprecated. Please use `'airflow.providers.standard.operators.empty.EmptyOperator'`.","category":"DeprecatedImportWarning","filename":"/opt/airflow/dags/dag_drift_monitoring.py","lineno":10,"logger":"py.warnings"}
{"timestamp":"2026-01-14T19:50:31.816524Z","level":"info","event":"Task instance is in running state","logger":"task.stdout"}
{"timestamp":"2026-01-14T19:50:31.816975Z","level":"info","event":" Previous state of the Task instance: TaskInstanceState.QUEUED","logger":"task.stdout"}
{"timestamp":"2026-01-14T19:50:31.817295Z","level":"info","event":"Current task name:retrain_task","logger":"task.stdout"}
{"timestamp":"2026-01-14T19:50:31.817531Z","level":"info","event":"Dag name:drift_monitoring_dag","logger":"task.stdout"}
{"timestamp":"2026-01-14T19:50:31.818403Z","level":"info","event":"Запуск переобучения модели...","logger":"task.stdout"}
{"timestamp":"2026-01-14T19:50:31.827801Z","level":"info","event":"","logger":"task.stdout"}
{"timestamp":"2026-01-14T19:50:31.828073Z","level":"info","event":"Информация о данных:","logger":"task.stdout"}
{"timestamp":"2026-01-14T19:50:31.828300Z","level":"info","event":"  Размер: (300, 7)","logger":"task.stdout"}
{"timestamp":"2026-01-14T19:50:31.828516Z","level":"info","event":"  Колонки: ['Unnamed: 0', 'age', 'sex', 'credit_amount', 'duration', 'foreign_worker_', 'class']","logger":"task.stdout"}
{"timestamp":"2026-01-14T19:50:31.828721Z","level":"info","event":"  Типы данных:","logger":"task.stdout"}
{"timestamp":"2026-01-14T19:50:31.828978Z","level":"info","event":"    Unnamed: 0: int64","logger":"task.stdout"}
{"timestamp":"2026-01-14T19:50:31.829177Z","level":"info","event":"    age: int64","logger":"task.stdout"}
{"timestamp":"2026-01-14T19:50:31.829375Z","level":"info","event":"    sex: object","logger":"task.stdout"}
{"timestamp":"2026-01-14T19:50:31.829571Z","level":"info","event":"    credit_amount: int64","logger":"task.stdout"}
{"timestamp":"2026-01-14T19:50:31.829774Z","level":"info","event":"    duration: int64","logger":"task.stdout"}
{"timestamp":"2026-01-14T19:50:31.829972Z","level":"info","event":"    foreign_worker_: object","logger":"task.stdout"}
{"timestamp":"2026-01-14T19:50:31.830190Z","level":"info","event":"    class: int64","logger":"task.stdout"}
{"timestamp":"2026-01-14T19:50:31.830387Z","level":"info","event":"","logger":"task.stdout"}
{"timestamp":"2026-01-14T19:50:31.830580Z","level":"info","event":"Распределение целевой переменной:","logger":"task.stdout"}
{"timestamp":"2026-01-14T19:50:31.830776Z","level":"info","event":"1    163","logger":"task.stdout"}
{"timestamp":"2026-01-14T19:50:31.830971Z","level":"info","event":"0    137","logger":"task.stdout"}
{"timestamp":"2026-01-14T19:50:31.831179Z","level":"info","event":"Name: class, dtype: int64","logger":"task.stdout"}
{"timestamp":"2026-01-14T19:50:31.831320Z","level":"warning","event":"The filesystem tracking backend (e.g., './mlruns') will be deprecated in February 2026. Consider transitioning to a database backend (e.g., 'sqlite:///mlflow.db') to take advantage of the latest MLflow features. See https://github.com/mlflow/mlflow/issues/18534 for more details and migration guidance. For migrating existing data, https://github.com/mlflow/mlflow-export-import can be used.","category":"FutureWarning","filename":"/home/airflow/.local/lib/python3.11/site-packages/mlflow/tracking/_tracking_service/utils.py","lineno":178,"logger":"py.warnings"}
{"timestamp":"2026-01-14T19:50:31.837862Z","level":"info","event":"","logger":"task.stdout"}
{"timestamp":"2026-01-14T19:50:31.838185Z","level":"info","event":"Настройка PyCaret...","logger":"task.stdout"}
{"timestamp":"2026-01-14T19:50:31.845317Z","level":"error","event":"Task failed with exception","logger":"task","filename":"task_runner.py","lineno":1078,"error_detail":[{"exc_type":"OSError","exc_value":"libgomp.so.1: cannot open shared object file: No such file or directory","exc_notes":[],"syntax_error":null,"is_cause":false,"frames":[{"filename":"/home/airflow/.local/lib/python3.11/site-packages/airflow/sdk/execution_time/task_runner.py","lineno":1004,"name":"run"},{"filename":"/home/airflow/.local/lib/python3.11/site-packages/airflow/sdk/execution_time/task_runner.py","lineno":1405,"name":"_execute_task"},{"filename":"/home/airflow/.local/lib/python3.11/site-packages/airflow/sdk/bases/operator.py","lineno":417,"name":"wrapper"},{"filename":"/home/airflow/.local/lib/python3.11/site-packages/airflow/providers/standard/operators/python.py","lineno":214,"name":"execute"},{"filename":"/home/airflow/.local/lib/python3.11/site-packages/airflow/providers/standard/operators/python.py","lineno":237,"name":"execute_callable"},{"filename":"/home/airflow/.local/lib/python3.11/site-packages/airflow/sdk/execution_time/callback_runner.py","lineno":82,"name":"run"},{"filename":"/opt/airflow/dags/dag_drift_monitoring.py","lineno":146,"name":"retrain_model"},{"filename":"/home/airflow/.local/lib/python3.11/site-packages/pycaret/classification/functional.py","lineno":595,"name":"setup"},{"filename":"/home/airflow/.local/lib/python3.11/site-packages/pycaret/classification/oop.py","lineno":715,"name":"setup"},{"filename":"/home/airflow/.local/lib/python3.11/site-packages/pycaret/internal/pycaret_experiment/tabular_experiment.py","lineno":328,"name":"_initialize_setup"},{"filename":"/home/airflow/.local/lib/python3.11/site-packages/pycaret/internal/pycaret_experiment/pycaret_experiment.py","lineno":121,"name":"_check_environment"},{"filename":"/home/airflow/.local/lib/python3.11/site-packages/pycaret/utils/_show_versions.py","lineno":165,"name":"show_versions"},{"filename":"/home/airflow/.local/lib/python3.11/site-packages/pycaret/utils/_show_versions.py","lineno":130,"name":"_get_deps_info"},{"filename":"/home/airflow/.local/lib/python3.11/site-packages/pycaret/utils/_dependencies.py","lineno":81,"name":"get_module_version"},{"filename":"/home/airflow/.local/lib/python3.11/site-packages/pycaret/utils/_dependencies.py","lineno":75,"name":"_get_module_version"},{"filename":"/home/airflow/.local/lib/python3.11/site-packages/pycaret/utils/_dependencies.py","lineno":28,"name":"_try_import_and_get_module_version"},{"filename":"/usr/python/lib/python3.11/importlib/__init__.py","lineno":126,"name":"import_module"},{"filename":"<frozen importlib._bootstrap>","lineno":1204,"name":"_gcd_import"},{"filename":"<frozen importlib._bootstrap>","lineno":1176,"name":"_find_and_load"},{"filename":"<frozen importlib._bootstrap>","lineno":1147,"name":"_find_and_load_unlocked"},{"filename":"<frozen importlib._bootstrap>","lineno":690,"name":"_load_unlocked"},{"filename":"<frozen importlib._bootstrap_external>","lineno":940,"name":"exec_module"},{"filename":"<frozen importlib._bootstrap>","lineno":241,"name":"_call_with_frames_removed"},{"filename":"/home/airflow/.local/lib/python3.11/site-packages/lightgbm/__init__.py","lineno":11,"name":"<module>"},{"filename":"/home/airflow/.local/lib/python3.11/site-packages/lightgbm/basic.py","lineno":9,"name":"<module>"},{"filename":"/home/airflow/.local/lib/python3.11/site-packages/lightgbm/libpath.py","lineno":49,"name":"<module>"},{"filename":"/usr/python/lib/python3.11/ctypes/__init__.py","lineno":454,"name":"LoadLibrary"},{"filename":"/usr/python/lib/python3.11/ctypes/__init__.py","lineno":376,"name":"__init__"}],"is_group":false,"exceptions":[]}]}
{"timestamp":"2026-01-14T19:50:31.847303Z","level":"info","event":"Task instance in failure state","logger":"task.stdout"}
{"timestamp":"2026-01-14T19:50:31.847592Z","level":"info","event":"Task start","logger":"task.stdout"}
{"timestamp":"2026-01-14T19:50:31.847889Z","level":"info","event":"Task:<Task(PythonOperator): retrain_task>","logger":"task.stdout"}
{"timestamp":"2026-01-14T19:50:31.848252Z","level":"info","event":"Failure caused by libgomp.so.1: cannot open shared object file: No such file or directory","logger":"task.stdout"}
