{"timestamp":"2026-01-15T05:22:27.737029Z","level":"info","event":"DAG bundles loaded: dags-folder, example_dags","logger":"airflow.dag_processing.bundles.manager.DagBundlesManager","filename":"manager.py","lineno":179}
{"timestamp":"2026-01-15T05:22:27.738005Z","level":"info","event":"Filling up the DagBag from /opt/airflow/dags/dag_drift_monitoring.py","logger":"airflow.models.dagbag.DagBag","filename":"dagbag.py","lineno":593}
{"timestamp":"2026-01-15T05:22:30.283859Z","level":"warning","event":"The `airflow.operators.python.PythonOperator` attribute is deprecated. Please use `'airflow.providers.standard.operators.python.PythonOperator'`.","category":"DeprecatedImportWarning","filename":"/opt/airflow/dags/dag_drift_monitoring.py","lineno":9,"logger":"py.warnings"}
{"timestamp":"2026-01-15T05:22:30.283996Z","level":"warning","event":"The `airflow.operators.python.BranchPythonOperator` attribute is deprecated. Please use `'airflow.providers.standard.operators.python.BranchPythonOperator'`.","category":"DeprecatedImportWarning","filename":"/opt/airflow/dags/dag_drift_monitoring.py","lineno":9,"logger":"py.warnings"}
{"timestamp":"2026-01-15T05:22:30.284096Z","level":"warning","event":"The `airflow.operators.empty.EmptyOperator` attribute is deprecated. Please use `'airflow.providers.standard.operators.empty.EmptyOperator'`.","category":"DeprecatedImportWarning","filename":"/opt/airflow/dags/dag_drift_monitoring.py","lineno":10,"logger":"py.warnings"}
{"timestamp":"2026-01-15T05:22:30.301781Z","level":"info","event":"Task instance is in running state","logger":"task.stdout"}
{"timestamp":"2026-01-15T05:22:30.302096Z","level":"info","event":" Previous state of the Task instance: TaskInstanceState.QUEUED","logger":"task.stdout"}
{"timestamp":"2026-01-15T05:22:30.302361Z","level":"info","event":"Current task name:retrain_task","logger":"task.stdout"}
{"timestamp":"2026-01-15T05:22:30.302570Z","level":"info","event":"Dag name:drift_monitoring_dag","logger":"task.stdout"}
{"timestamp":"2026-01-15T05:22:30.303505Z","level":"info","event":"Запуск переобучения модели...","logger":"task.stdout"}
{"timestamp":"2026-01-15T05:22:30.313733Z","level":"info","event":"","logger":"task.stdout"}
{"timestamp":"2026-01-15T05:22:30.313999Z","level":"info","event":"Информация о данных:","logger":"task.stdout"}
{"timestamp":"2026-01-15T05:22:30.314208Z","level":"info","event":"  Размер: (300, 7)","logger":"task.stdout"}
{"timestamp":"2026-01-15T05:22:30.314516Z","level":"info","event":"  Колонки: ['Unnamed: 0', 'age', 'sex', 'credit_amount', 'duration', 'foreign_worker_', 'class']","logger":"task.stdout"}
{"timestamp":"2026-01-15T05:22:30.314805Z","level":"info","event":"  Типы данных:","logger":"task.stdout"}
{"timestamp":"2026-01-15T05:22:30.315127Z","level":"info","event":"    Unnamed: 0: int64","logger":"task.stdout"}
{"timestamp":"2026-01-15T05:22:30.315363Z","level":"info","event":"    age: int64","logger":"task.stdout"}
{"timestamp":"2026-01-15T05:22:30.315598Z","level":"info","event":"    sex: object","logger":"task.stdout"}
{"timestamp":"2026-01-15T05:22:30.315836Z","level":"info","event":"    credit_amount: int64","logger":"task.stdout"}
{"timestamp":"2026-01-15T05:22:30.316068Z","level":"info","event":"    duration: int64","logger":"task.stdout"}
{"timestamp":"2026-01-15T05:22:30.316485Z","level":"info","event":"    foreign_worker_: object","logger":"task.stdout"}
{"timestamp":"2026-01-15T05:22:30.316706Z","level":"info","event":"    class: int64","logger":"task.stdout"}
{"timestamp":"2026-01-15T05:22:30.316916Z","level":"info","event":"","logger":"task.stdout"}
{"timestamp":"2026-01-15T05:22:30.317123Z","level":"info","event":"Распределение целевой переменной:","logger":"task.stdout"}
{"timestamp":"2026-01-15T05:22:30.317330Z","level":"info","event":"1    163","logger":"task.stdout"}
{"timestamp":"2026-01-15T05:22:30.317531Z","level":"info","event":"0    137","logger":"task.stdout"}
{"timestamp":"2026-01-15T05:22:30.317730Z","level":"info","event":"Name: class, dtype: int64","logger":"task.stdout"}
{"timestamp":"2026-01-15T05:22:30.317884Z","level":"warning","event":"The filesystem tracking backend (e.g., './mlruns') will be deprecated in February 2026. Consider transitioning to a database backend (e.g., 'sqlite:///mlflow.db') to take advantage of the latest MLflow features. See https://github.com/mlflow/mlflow/issues/18534 for more details and migration guidance. For migrating existing data, https://github.com/mlflow/mlflow-export-import can be used.","category":"FutureWarning","filename":"/home/airflow/.local/lib/python3.11/site-packages/mlflow/tracking/_tracking_service/utils.py","lineno":178,"logger":"py.warnings"}
{"timestamp":"2026-01-15T05:22:30.325149Z","level":"info","event":"","logger":"task.stdout"}
{"timestamp":"2026-01-15T05:22:30.325462Z","level":"info","event":"Настройка PyCaret...","logger":"task.stdout"}
{"timestamp":"2026-01-15T05:22:31.462523Z","level":"info","event":"PyCaret настроен успешно!","logger":"task.stdout"}
{"timestamp":"2026-01-15T05:22:31.478826Z","level":"warning","event":"Loky-backed parallel loops cannot be called in a multiprocessing, setting n_jobs=1","category":"UserWarning","filename":"/home/airflow/.local/lib/python3.11/site-packages/joblib/parallel.py","lineno":775,"logger":"py.warnings"}
{"timestamp":"2026-01-15T05:22:32.046724Z","level":"warning","event":"Loky-backed parallel loops cannot be called in a multiprocessing, setting n_jobs=1","category":"UserWarning","filename":"/home/airflow/.local/lib/python3.11/site-packages/joblib/parallel.py","lineno":775,"logger":"py.warnings"}
{"timestamp":"2026-01-15T05:22:32.101517Z","level":"warning","event":"Loky-backed parallel loops cannot be called in a multiprocessing, setting n_jobs=1","category":"UserWarning","filename":"/home/airflow/.local/lib/python3.11/site-packages/joblib/parallel.py","lineno":775,"logger":"py.warnings"}
{"timestamp":"2026-01-15T05:22:32.197388Z","level":"warning","event":"Loky-backed parallel loops cannot be called in a multiprocessing, setting n_jobs=1","category":"UserWarning","filename":"/home/airflow/.local/lib/python3.11/site-packages/sklearn/ensemble/_base.py","lineno":229,"logger":"py.warnings"}
{"timestamp":"2026-01-15T05:22:32.206414Z","level":"warning","event":"Loky-backed parallel loops cannot be called in a multiprocessing, setting n_jobs=1","category":"UserWarning","filename":"/home/airflow/.local/lib/python3.11/site-packages/sklearn/ensemble/_base.py","lineno":229,"logger":"py.warnings"}
{"timestamp":"2026-01-15T05:22:32.278903Z","level":"warning","event":"Loky-backed parallel loops cannot be called in a multiprocessing, setting n_jobs=1","category":"UserWarning","filename":"/home/airflow/.local/lib/python3.11/site-packages/joblib/parallel.py","lineno":775,"logger":"py.warnings"}
{"timestamp":"2026-01-15T05:22:32.373909Z","level":"warning","event":"Loky-backed parallel loops cannot be called in a multiprocessing, setting n_jobs=1","category":"UserWarning","filename":"/home/airflow/.local/lib/python3.11/site-packages/sklearn/ensemble/_base.py","lineno":229,"logger":"py.warnings"}
{"timestamp":"2026-01-15T05:22:32.382231Z","level":"warning","event":"Loky-backed parallel loops cannot be called in a multiprocessing, setting n_jobs=1","category":"UserWarning","filename":"/home/airflow/.local/lib/python3.11/site-packages/sklearn/ensemble/_base.py","lineno":229,"logger":"py.warnings"}
{"timestamp":"2026-01-15T05:22:32.448183Z","level":"warning","event":"Loky-backed parallel loops cannot be called in a multiprocessing, setting n_jobs=1","category":"UserWarning","filename":"/home/airflow/.local/lib/python3.11/site-packages/joblib/parallel.py","lineno":775,"logger":"py.warnings"}
{"timestamp":"2026-01-15T05:22:32.541565Z","level":"warning","event":"Loky-backed parallel loops cannot be called in a multiprocessing, setting n_jobs=1","category":"UserWarning","filename":"/home/airflow/.local/lib/python3.11/site-packages/sklearn/ensemble/_base.py","lineno":229,"logger":"py.warnings"}
{"timestamp":"2026-01-15T05:22:32.550762Z","level":"warning","event":"Loky-backed parallel loops cannot be called in a multiprocessing, setting n_jobs=1","category":"UserWarning","filename":"/home/airflow/.local/lib/python3.11/site-packages/sklearn/ensemble/_base.py","lineno":229,"logger":"py.warnings"}
{"timestamp":"2026-01-15T05:22:32.618308Z","level":"warning","event":"Loky-backed parallel loops cannot be called in a multiprocessing, setting n_jobs=1","category":"UserWarning","filename":"/home/airflow/.local/lib/python3.11/site-packages/joblib/parallel.py","lineno":775,"logger":"py.warnings"}
{"timestamp":"2026-01-15T05:22:32.725436Z","level":"warning","event":"Loky-backed parallel loops cannot be called in a multiprocessing, setting n_jobs=1","category":"UserWarning","filename":"/home/airflow/.local/lib/python3.11/site-packages/sklearn/ensemble/_base.py","lineno":229,"logger":"py.warnings"}
{"timestamp":"2026-01-15T05:22:32.735086Z","level":"warning","event":"Loky-backed parallel loops cannot be called in a multiprocessing, setting n_jobs=1","category":"UserWarning","filename":"/home/airflow/.local/lib/python3.11/site-packages/sklearn/ensemble/_base.py","lineno":229,"logger":"py.warnings"}
{"timestamp":"2026-01-15T05:22:32.813102Z","level":"warning","event":"Loky-backed parallel loops cannot be called in a multiprocessing, setting n_jobs=1","category":"UserWarning","filename":"/home/airflow/.local/lib/python3.11/site-packages/joblib/parallel.py","lineno":775,"logger":"py.warnings"}
{"timestamp":"2026-01-15T05:22:32.916993Z","level":"warning","event":"Loky-backed parallel loops cannot be called in a multiprocessing, setting n_jobs=1","category":"UserWarning","filename":"/home/airflow/.local/lib/python3.11/site-packages/sklearn/ensemble/_base.py","lineno":229,"logger":"py.warnings"}
{"timestamp":"2026-01-15T05:22:32.925205Z","level":"warning","event":"Loky-backed parallel loops cannot be called in a multiprocessing, setting n_jobs=1","category":"UserWarning","filename":"/home/airflow/.local/lib/python3.11/site-packages/sklearn/ensemble/_base.py","lineno":229,"logger":"py.warnings"}
{"timestamp":"2026-01-15T05:22:33.119410Z","level":"warning","event":"Loky-backed parallel loops cannot be called in a multiprocessing, setting n_jobs=1","category":"UserWarning","filename":"/home/airflow/.local/lib/python3.11/site-packages/joblib/parallel.py","lineno":775,"logger":"py.warnings"}
{"timestamp":"2026-01-15T05:22:37.268177Z","level":"warning","event":"Loky-backed parallel loops cannot be called in a multiprocessing, setting n_jobs=1","category":"UserWarning","filename":"/home/airflow/.local/lib/python3.11/site-packages/joblib/parallel.py","lineno":775,"logger":"py.warnings"}
{"timestamp":"2026-01-15T05:22:38.021078Z","level":"warning","event":"Loky-backed parallel loops cannot be called in a multiprocessing, setting n_jobs=1","category":"UserWarning","filename":"/home/airflow/.local/lib/python3.11/site-packages/joblib/parallel.py","lineno":775,"logger":"py.warnings"}
{"timestamp":"2026-01-15T05:22:38.800440Z","level":"info","event":"","logger":"task.stdout"}
{"timestamp":"2026-01-15T05:22:38.800847Z","level":"info","event":"Результаты сравнения моделей:","logger":"task.stdout"}
{"timestamp":"2026-01-15T05:22:38.802511Z","level":"info","event":"                                 Model  Accuracy     AUC  Recall   Prec.      F1","logger":"task.stdout"}
{"timestamp":"2026-01-15T05:22:38.802746Z","level":"info","event":"lr                 Logistic Regression    0.4917  0.4545  0.7385  0.5200  0.6060","logger":"task.stdout"}
{"timestamp":"2026-01-15T05:22:38.802958Z","level":"info","event":"catboost           CatBoost Classifier    0.5250  0.5269  0.6000  0.5555  0.5737","logger":"task.stdout"}
{"timestamp":"2026-01-15T05:22:38.803174Z","level":"info","event":"gbc       Gradient Boosting Classifier    0.5000  0.4720  0.6154  0.5341  0.5710","logger":"task.stdout"}
{"timestamp":"2026-01-15T05:22:38.803448Z","level":"info","event":"rf            Random Forest Classifier    0.5000  0.4811  0.5923  0.5351  0.5600","logger":"task.stdout"}
{"timestamp":"2026-01-15T05:22:38.803653Z","level":"info","event":"dt            Decision Tree Classifier    0.4708  0.4689  0.4923  0.5155  0.5021","logger":"task.stdout"}
{"timestamp":"2026-01-15T05:22:38.803858Z","level":"info","event":"","logger":"task.stdout"}
{"timestamp":"2026-01-15T05:22:38.804082Z","level":"info","event":"ЛУЧШАЯ МОДЕЛЬ: LogisticRegression","logger":"task.stdout"}
{"timestamp":"2026-01-15T05:22:38.804389Z","level":"info","event":"Параметры модели:","logger":"task.stdout"}
{"timestamp":"2026-01-15T05:22:38.804650Z","level":"info","event":"  C: 1.0","logger":"task.stdout"}
{"timestamp":"2026-01-15T05:22:38.804939Z","level":"info","event":"  class_weight: None","logger":"task.stdout"}
{"timestamp":"2026-01-15T05:22:38.805169Z","level":"info","event":"  dual: False","logger":"task.stdout"}
{"timestamp":"2026-01-15T05:22:38.805402Z","level":"info","event":"  fit_intercept: True","logger":"task.stdout"}
{"timestamp":"2026-01-15T05:22:38.805617Z","level":"info","event":"  intercept_scaling: 1","logger":"task.stdout"}
{"timestamp":"2026-01-15T05:22:38.805823Z","level":"info","event":"  l1_ratio: None","logger":"task.stdout"}
{"timestamp":"2026-01-15T05:22:38.806065Z","level":"info","event":"  max_iter: 1000","logger":"task.stdout"}
{"timestamp":"2026-01-15T05:22:38.806270Z","level":"info","event":"  multi_class: auto","logger":"task.stdout"}
{"timestamp":"2026-01-15T05:22:38.806479Z","level":"info","event":"  n_jobs: None","logger":"task.stdout"}
{"timestamp":"2026-01-15T05:22:38.806682Z","level":"info","event":"  penalty: l2","logger":"task.stdout"}
{"timestamp":"2026-01-15T05:22:38.833893Z","level":"info","event":"Transformation Pipeline and Model Successfully Saved","logger":"task.stdout"}
{"timestamp":"2026-01-15T05:22:39.032303Z","level":"info","event":"","logger":"task.stdout"}
{"timestamp":"2026-01-15T05:22:39.032662Z","level":"info","event":"Модель сохранена: /opt/airflow/models/best_model_20260115_052238.pkl","logger":"task.stdout"}
{"timestamp":"2026-01-15T05:22:39.033406Z","level":"info","event":"Результаты эксперимента сохранены: /opt/airflow/models/experiment_results_20260115_052239.csv","logger":"task.stdout"}
{"timestamp":"2026-01-15T05:22:39.033641Z","level":"info","event":"Метаданные сохранены: /opt/airflow/models/metadata_20260115_052239.json","logger":"task.stdout"}
{"timestamp":"2026-01-15T05:22:39.114560Z","level":"info","event":"","logger":"task.stdout"}
{"timestamp":"2026-01-15T05:22:39.114929Z","level":"info","event":"AutoML с PyCaret завершен успешно!","logger":"task.stdout"}
{"timestamp":"2026-01-15T05:22:39.115413Z","level":"info","event":"   Лучшая модель: LogisticRegression","logger":"task.stdout"}
{"timestamp":"2026-01-15T05:22:39.115706Z","level":"info","event":"   Точность: 0.4917","logger":"task.stdout"}
{"timestamp":"2026-01-15T05:22:39.115912Z","level":"info","event":"   AUC: 0.4545","logger":"task.stdout"}
{"timestamp":"2026-01-15T05:22:39.114692Z","level":"info","event":"Done. Returned value was: {'status': 'success', 'best_model': 'LogisticRegression', 'accuracy': 0.4917, 'model_path': '/opt/airflow/models/best_model_20260115_052238.pkl'}","logger":"airflow.task.operators.airflow.providers.standard.operators.python.PythonOperator","filename":"python.py","lineno":216}
{"timestamp":"2026-01-15T05:22:39.114957Z","level":"info","event":"Pushing xcom","ti":"RuntimeTaskInstance(id=UUID('019bc01a-c7c3-7024-b532-0a2d2d7c376c'), task_id='retrain_task', dag_id='drift_monitoring_dag', run_id='manual__2026-01-15T05:22:17+00:00', try_number=1, dag_version_id=UUID('019bbfe1-4602-7031-a466-422c5511aa8b'), map_index=-1, hostname='ce91aaa8b7e2', context_carrier={}, task=<Task(PythonOperator): retrain_task>, bundle_instance=LocalDagBundle(name=dags-folder), max_tries=1, start_date=datetime.datetime(2026, 1, 15, 5, 22, 27, 425255, tzinfo=datetime.timezone.utc), end_date=None, state=<TaskInstanceState.RUNNING: 'running'>, is_mapped=False, rendered_map_index=None)","logger":"task","filename":"task_runner.py","lineno":1450}
{"timestamp":"2026-01-15T05:22:39.141395Z","level":"info","event":"Task instance in success state","logger":"task.stdout"}
{"timestamp":"2026-01-15T05:22:39.141711Z","level":"info","event":" Previous state of the Task instance: TaskInstanceState.RUNNING","logger":"task.stdout"}
{"timestamp":"2026-01-15T05:22:39.142031Z","level":"info","event":"Task operator:<Task(PythonOperator): retrain_task>","logger":"task.stdout"}
