{"timestamp":"2026-01-15T07:01:45.907306Z","level":"info","event":"DAG bundles loaded: dags-folder, example_dags","logger":"airflow.dag_processing.bundles.manager.DagBundlesManager","filename":"manager.py","lineno":179}
{"timestamp":"2026-01-15T07:01:45.908342Z","level":"info","event":"Filling up the DagBag from /opt/airflow/dags/dag_drift_monitoring.py","logger":"airflow.models.dagbag.DagBag","filename":"dagbag.py","lineno":593}
{"timestamp":"2026-01-15T07:01:48.642380Z","level":"warning","event":"The `airflow.operators.python.PythonOperator` attribute is deprecated. Please use `'airflow.providers.standard.operators.python.PythonOperator'`.","category":"DeprecatedImportWarning","filename":"/opt/airflow/dags/dag_drift_monitoring.py","lineno":9,"logger":"py.warnings"}
{"timestamp":"2026-01-15T07:01:48.642580Z","level":"warning","event":"The `airflow.operators.python.BranchPythonOperator` attribute is deprecated. Please use `'airflow.providers.standard.operators.python.BranchPythonOperator'`.","category":"DeprecatedImportWarning","filename":"/opt/airflow/dags/dag_drift_monitoring.py","lineno":9,"logger":"py.warnings"}
{"timestamp":"2026-01-15T07:01:48.642678Z","level":"warning","event":"The `airflow.operators.empty.EmptyOperator` attribute is deprecated. Please use `'airflow.providers.standard.operators.empty.EmptyOperator'`.","category":"DeprecatedImportWarning","filename":"/opt/airflow/dags/dag_drift_monitoring.py","lineno":10,"logger":"py.warnings"}
{"timestamp":"2026-01-15T07:01:48.665946Z","level":"info","event":"Task instance is in running state","logger":"task.stdout"}
{"timestamp":"2026-01-15T07:01:48.666272Z","level":"info","event":" Previous state of the Task instance: TaskInstanceState.QUEUED","logger":"task.stdout"}
{"timestamp":"2026-01-15T07:01:48.666506Z","level":"info","event":"Current task name:retrain_task","logger":"task.stdout"}
{"timestamp":"2026-01-15T07:01:48.666735Z","level":"info","event":"Dag name:drift_monitoring_dag","logger":"task.stdout"}
{"timestamp":"2026-01-15T07:01:48.670162Z","level":"info","event":"Запуск переобучения модели...","logger":"task.stdout"}
{"timestamp":"2026-01-15T07:01:48.684631Z","level":"info","event":"","logger":"task.stdout"}
{"timestamp":"2026-01-15T07:01:48.684967Z","level":"info","event":"Информация о данных:","logger":"task.stdout"}
{"timestamp":"2026-01-15T07:01:48.688613Z","level":"info","event":"  Размер: (300, 7)","logger":"task.stdout"}
{"timestamp":"2026-01-15T07:01:48.688975Z","level":"info","event":"  Колонки: ['Unnamed: 0', 'age', 'sex', 'credit_amount', 'duration', 'foreign_worker_', 'class']","logger":"task.stdout"}
{"timestamp":"2026-01-15T07:01:48.689193Z","level":"info","event":"  Типы данных:","logger":"task.stdout"}
{"timestamp":"2026-01-15T07:01:48.689562Z","level":"info","event":"    Unnamed: 0: int64","logger":"task.stdout"}
{"timestamp":"2026-01-15T07:01:48.689852Z","level":"info","event":"    age: int64","logger":"task.stdout"}
{"timestamp":"2026-01-15T07:01:48.690063Z","level":"info","event":"    sex: object","logger":"task.stdout"}
{"timestamp":"2026-01-15T07:01:48.690288Z","level":"info","event":"    credit_amount: int64","logger":"task.stdout"}
{"timestamp":"2026-01-15T07:01:48.690538Z","level":"info","event":"    duration: int64","logger":"task.stdout"}
{"timestamp":"2026-01-15T07:01:48.690768Z","level":"info","event":"    foreign_worker_: object","logger":"task.stdout"}
{"timestamp":"2026-01-15T07:01:48.690993Z","level":"info","event":"    class: int64","logger":"task.stdout"}
{"timestamp":"2026-01-15T07:01:48.691190Z","level":"info","event":"","logger":"task.stdout"}
{"timestamp":"2026-01-15T07:01:48.691406Z","level":"info","event":"Распределение целевой переменной:","logger":"task.stdout"}
{"timestamp":"2026-01-15T07:01:48.691642Z","level":"info","event":"1    163","logger":"task.stdout"}
{"timestamp":"2026-01-15T07:01:48.691854Z","level":"info","event":"0    137","logger":"task.stdout"}
{"timestamp":"2026-01-15T07:01:48.692059Z","level":"info","event":"Name: class, dtype: int64","logger":"task.stdout"}
{"timestamp":"2026-01-15T07:01:48.698106Z","level":"info","event":"","logger":"task.stdout"}
{"timestamp":"2026-01-15T07:01:48.698524Z","level":"info","event":"Настройка PyCaret...","logger":"task.stdout"}
{"timestamp":"2026-01-15T07:01:48.698078Z","level":"error","event":"Task failed with exception","logger":"task","filename":"task_runner.py","lineno":1078,"error_detail":[{"exc_type":"TypeError","exc_value":"setup() got an unexpected keyword argument 'silent'","exc_notes":[],"syntax_error":null,"is_cause":false,"frames":[{"filename":"/home/airflow/.local/lib/python3.11/site-packages/airflow/sdk/execution_time/task_runner.py","lineno":1004,"name":"run"},{"filename":"/home/airflow/.local/lib/python3.11/site-packages/airflow/sdk/execution_time/task_runner.py","lineno":1405,"name":"_execute_task"},{"filename":"/home/airflow/.local/lib/python3.11/site-packages/airflow/sdk/bases/operator.py","lineno":417,"name":"wrapper"},{"filename":"/home/airflow/.local/lib/python3.11/site-packages/airflow/providers/standard/operators/python.py","lineno":214,"name":"execute"},{"filename":"/home/airflow/.local/lib/python3.11/site-packages/airflow/providers/standard/operators/python.py","lineno":237,"name":"execute_callable"},{"filename":"/home/airflow/.local/lib/python3.11/site-packages/airflow/sdk/execution_time/callback_runner.py","lineno":82,"name":"run"},{"filename":"/opt/airflow/dags/dag_drift_monitoring.py","lineno":149,"name":"retrain_model"}],"is_group":false,"exceptions":[]}]}
{"timestamp":"2026-01-15T07:01:48.727202Z","level":"info","event":"Task instance in failure state","logger":"task.stdout"}
{"timestamp":"2026-01-15T07:01:48.727686Z","level":"info","event":"Task start","logger":"task.stdout"}
{"timestamp":"2026-01-15T07:01:48.728112Z","level":"info","event":"Task:<Task(PythonOperator): retrain_task>","logger":"task.stdout"}
{"timestamp":"2026-01-15T07:01:48.728506Z","level":"info","event":"Failure caused by setup() got an unexpected keyword argument 'silent'","logger":"task.stdout"}
