{"timestamp":"2026-01-16T03:21:39.214342Z","level":"info","event":"DAG bundles loaded: dags-folder, example_dags","logger":"airflow.dag_processing.bundles.manager.DagBundlesManager","filename":"manager.py","lineno":179}
{"timestamp":"2026-01-16T03:21:39.215453Z","level":"info","event":"Filling up the DagBag from /opt/airflow/dags/dag_drift_monitoring.py","logger":"airflow.models.dagbag.DagBag","filename":"dagbag.py","lineno":593}
{"timestamp":"2026-01-16T03:21:41.965158Z","level":"warning","event":"The `airflow.operators.python.PythonOperator` attribute is deprecated. Please use `'airflow.providers.standard.operators.python.PythonOperator'`.","category":"DeprecatedImportWarning","filename":"/opt/airflow/dags/dag_drift_monitoring.py","lineno":14,"logger":"py.warnings"}
{"timestamp":"2026-01-16T03:21:41.965306Z","level":"warning","event":"The `airflow.operators.python.BranchPythonOperator` attribute is deprecated. Please use `'airflow.providers.standard.operators.python.BranchPythonOperator'`.","category":"DeprecatedImportWarning","filename":"/opt/airflow/dags/dag_drift_monitoring.py","lineno":14,"logger":"py.warnings"}
{"timestamp":"2026-01-16T03:21:41.965384Z","level":"warning","event":"The `airflow.operators.empty.EmptyOperator` attribute is deprecated. Please use `'airflow.providers.standard.operators.empty.EmptyOperator'`.","category":"DeprecatedImportWarning","filename":"/opt/airflow/dags/dag_drift_monitoring.py","lineno":15,"logger":"py.warnings"}
{"timestamp":"2026-01-16T03:21:41.983913Z","level":"info","event":"Task instance is in running state","logger":"task.stdout"}
{"timestamp":"2026-01-16T03:21:41.985120Z","level":"info","event":" Previous state of the Task instance: TaskInstanceState.QUEUED","logger":"task.stdout"}
{"timestamp":"2026-01-16T03:21:41.986313Z","level":"info","event":"Current task name:decide_promotion","logger":"task.stdout"}
{"timestamp":"2026-01-16T03:21:41.986980Z","level":"info","event":"Dag name:drift_monitoring_dag","logger":"task.stdout"}
{"timestamp":"2026-01-16T03:21:42.027253Z","level":"info","event":"","logger":"task.stdout"}
{"timestamp":"2026-01-16T03:21:42.027696Z","level":"info","event":"⚠ Staging метрики отсутствуют. Переобучение, возможно, не завершено или модель не переведена в Staging.","logger":"task.stdout"}
{"timestamp":"2026-01-16T03:21:42.028004Z","level":"info","event":"Решение: НЕ переводить модель в Production (Staging модель отсутствует)","logger":"task.stdout"}
{"timestamp":"2026-01-16T03:21:42.027869Z","level":"info","event":"Done. Returned value was: promote_to_production_task","logger":"airflow.task.operators.airflow.providers.standard.operators.python.BranchPythonOperator","filename":"python.py","lineno":216}
{"timestamp":"2026-01-16T03:21:42.028026Z","level":"info","event":"Branch into promote_to_production_task","logger":"airflow.task.operators.airflow.providers.standard.operators.python.BranchPythonOperator","filename":"branch.py","lineno":44}
{"timestamp":"2026-01-16T03:21:42.028493Z","level":"info","event":"Following branch {'promote_to_production_task'}","logger":"airflow.task.operators.airflow.providers.standard.operators.python.BranchPythonOperator","filename":"skipmixin.py","lineno":146}
{"timestamp":"2026-01-16T03:21:42.028818Z","level":"info","event":"Skipping tasks [('skip_promotion_task', -1)]","logger":"airflow.task.operators.airflow.providers.standard.operators.python.BranchPythonOperator","filename":"skipmixin.py","lineno":185}
{"timestamp":"2026-01-16T03:21:42.042826Z","level":"info","event":"Skipping downstream tasks.","logger":"task","filename":"task_runner.py","lineno":1019}
{"timestamp":"2026-01-16T03:21:42.071342Z","level":"info","event":"Task instance in success state","logger":"task.stdout"}
{"timestamp":"2026-01-16T03:21:42.072091Z","level":"info","event":" Previous state of the Task instance: TaskInstanceState.RUNNING","logger":"task.stdout"}
{"timestamp":"2026-01-16T03:21:42.072628Z","level":"info","event":"Task operator:<Task(BranchPythonOperator): decide_promotion>","logger":"task.stdout"}
