{"timestamp":"2026-01-15T05:40:27.750962Z","level":"info","event":"DAG bundles loaded: dags-folder, example_dags","logger":"airflow.dag_processing.bundles.manager.DagBundlesManager","filename":"manager.py","lineno":179}
{"timestamp":"2026-01-15T05:40:27.752034Z","level":"info","event":"Filling up the DagBag from /opt/airflow/dags/dag_drift_monitoring.py","logger":"airflow.models.dagbag.DagBag","filename":"dagbag.py","lineno":593}
{"timestamp":"2026-01-15T05:40:30.090124Z","level":"warning","event":"The `airflow.operators.python.PythonOperator` attribute is deprecated. Please use `'airflow.providers.standard.operators.python.PythonOperator'`.","category":"DeprecatedImportWarning","filename":"/opt/airflow/dags/dag_drift_monitoring.py","lineno":9,"logger":"py.warnings"}
{"timestamp":"2026-01-15T05:40:30.090262Z","level":"warning","event":"The `airflow.operators.python.BranchPythonOperator` attribute is deprecated. Please use `'airflow.providers.standard.operators.python.BranchPythonOperator'`.","category":"DeprecatedImportWarning","filename":"/opt/airflow/dags/dag_drift_monitoring.py","lineno":9,"logger":"py.warnings"}
{"timestamp":"2026-01-15T05:40:30.090331Z","level":"warning","event":"The `airflow.operators.empty.EmptyOperator` attribute is deprecated. Please use `'airflow.providers.standard.operators.empty.EmptyOperator'`.","category":"DeprecatedImportWarning","filename":"/opt/airflow/dags/dag_drift_monitoring.py","lineno":10,"logger":"py.warnings"}
{"timestamp":"2026-01-15T05:40:30.106828Z","level":"info","event":"Task instance is in running state","logger":"task.stdout"}
{"timestamp":"2026-01-15T05:40:30.107178Z","level":"info","event":" Previous state of the Task instance: TaskInstanceState.QUEUED","logger":"task.stdout"}
{"timestamp":"2026-01-15T05:40:30.107719Z","level":"info","event":"Current task name:retrain_task","logger":"task.stdout"}
{"timestamp":"2026-01-15T05:40:30.107953Z","level":"info","event":"Dag name:drift_monitoring_dag","logger":"task.stdout"}
{"timestamp":"2026-01-15T05:40:30.108490Z","level":"info","event":"Запуск переобучения модели...","logger":"task.stdout"}
{"timestamp":"2026-01-15T05:40:30.117762Z","level":"info","event":"","logger":"task.stdout"}
{"timestamp":"2026-01-15T05:40:30.118070Z","level":"info","event":"Информация о данных:","logger":"task.stdout"}
{"timestamp":"2026-01-15T05:40:30.118330Z","level":"info","event":"  Размер: (300, 7)","logger":"task.stdout"}
{"timestamp":"2026-01-15T05:40:30.118621Z","level":"info","event":"  Колонки: ['Unnamed: 0', 'age', 'sex', 'credit_amount', 'duration', 'foreign_worker_', 'class']","logger":"task.stdout"}
{"timestamp":"2026-01-15T05:40:30.118836Z","level":"info","event":"  Типы данных:","logger":"task.stdout"}
{"timestamp":"2026-01-15T05:40:30.119054Z","level":"info","event":"    Unnamed: 0: int64","logger":"task.stdout"}
{"timestamp":"2026-01-15T05:40:30.119261Z","level":"info","event":"    age: int64","logger":"task.stdout"}
{"timestamp":"2026-01-15T05:40:30.119487Z","level":"info","event":"    sex: object","logger":"task.stdout"}
{"timestamp":"2026-01-15T05:40:30.119703Z","level":"info","event":"    credit_amount: int64","logger":"task.stdout"}
{"timestamp":"2026-01-15T05:40:30.119900Z","level":"info","event":"    duration: int64","logger":"task.stdout"}
{"timestamp":"2026-01-15T05:40:30.120102Z","level":"info","event":"    foreign_worker_: object","logger":"task.stdout"}
{"timestamp":"2026-01-15T05:40:30.120311Z","level":"info","event":"    class: int64","logger":"task.stdout"}
{"timestamp":"2026-01-15T05:40:30.120514Z","level":"info","event":"","logger":"task.stdout"}
{"timestamp":"2026-01-15T05:40:30.120724Z","level":"info","event":"Распределение целевой переменной:","logger":"task.stdout"}
{"timestamp":"2026-01-15T05:40:30.121008Z","level":"info","event":"1    163","logger":"task.stdout"}
{"timestamp":"2026-01-15T05:40:30.121217Z","level":"info","event":"0    137","logger":"task.stdout"}
{"timestamp":"2026-01-15T05:40:30.121416Z","level":"info","event":"Name: class, dtype: int64","logger":"task.stdout"}
{"timestamp":"2026-01-15T05:40:30.122011Z","level":"warning","event":"The filesystem tracking backend (e.g., './mlruns') will be deprecated in February 2026. Consider transitioning to a database backend (e.g., 'sqlite:///mlflow.db') to take advantage of the latest MLflow features. See https://github.com/mlflow/mlflow/issues/18534 for more details and migration guidance. For migrating existing data, https://github.com/mlflow/mlflow-export-import can be used.","category":"FutureWarning","filename":"/home/airflow/.local/lib/python3.11/site-packages/mlflow/tracking/_tracking_service/utils.py","lineno":178,"logger":"py.warnings"}
{"timestamp":"2026-01-15T05:40:30.128971Z","level":"info","event":"","logger":"task.stdout"}
{"timestamp":"2026-01-15T05:40:30.129304Z","level":"info","event":"Настройка PyCaret...","logger":"task.stdout"}
{"timestamp":"2026-01-15T05:40:31.227464Z","level":"info","event":"PyCaret настроен успешно!","logger":"task.stdout"}
{"timestamp":"2026-01-15T05:40:31.242794Z","level":"warning","event":"Loky-backed parallel loops cannot be called in a multiprocessing, setting n_jobs=1","category":"UserWarning","filename":"/home/airflow/.local/lib/python3.11/site-packages/joblib/parallel.py","lineno":775,"logger":"py.warnings"}
{"timestamp":"2026-01-15T05:40:31.747126Z","level":"warning","event":"Loky-backed parallel loops cannot be called in a multiprocessing, setting n_jobs=1","category":"UserWarning","filename":"/home/airflow/.local/lib/python3.11/site-packages/joblib/parallel.py","lineno":775,"logger":"py.warnings"}
{"timestamp":"2026-01-15T05:40:31.803248Z","level":"warning","event":"Loky-backed parallel loops cannot be called in a multiprocessing, setting n_jobs=1","category":"UserWarning","filename":"/home/airflow/.local/lib/python3.11/site-packages/joblib/parallel.py","lineno":775,"logger":"py.warnings"}
{"timestamp":"2026-01-15T05:40:31.897421Z","level":"warning","event":"Loky-backed parallel loops cannot be called in a multiprocessing, setting n_jobs=1","category":"UserWarning","filename":"/home/airflow/.local/lib/python3.11/site-packages/sklearn/ensemble/_base.py","lineno":229,"logger":"py.warnings"}
{"timestamp":"2026-01-15T05:40:31.906022Z","level":"warning","event":"Loky-backed parallel loops cannot be called in a multiprocessing, setting n_jobs=1","category":"UserWarning","filename":"/home/airflow/.local/lib/python3.11/site-packages/sklearn/ensemble/_base.py","lineno":229,"logger":"py.warnings"}
{"timestamp":"2026-01-15T05:40:31.978915Z","level":"warning","event":"Loky-backed parallel loops cannot be called in a multiprocessing, setting n_jobs=1","category":"UserWarning","filename":"/home/airflow/.local/lib/python3.11/site-packages/joblib/parallel.py","lineno":775,"logger":"py.warnings"}
{"timestamp":"2026-01-15T05:40:32.074923Z","level":"warning","event":"Loky-backed parallel loops cannot be called in a multiprocessing, setting n_jobs=1","category":"UserWarning","filename":"/home/airflow/.local/lib/python3.11/site-packages/sklearn/ensemble/_base.py","lineno":229,"logger":"py.warnings"}
{"timestamp":"2026-01-15T05:40:32.083058Z","level":"warning","event":"Loky-backed parallel loops cannot be called in a multiprocessing, setting n_jobs=1","category":"UserWarning","filename":"/home/airflow/.local/lib/python3.11/site-packages/sklearn/ensemble/_base.py","lineno":229,"logger":"py.warnings"}
{"timestamp":"2026-01-15T05:40:32.152822Z","level":"warning","event":"Loky-backed parallel loops cannot be called in a multiprocessing, setting n_jobs=1","category":"UserWarning","filename":"/home/airflow/.local/lib/python3.11/site-packages/joblib/parallel.py","lineno":775,"logger":"py.warnings"}
{"timestamp":"2026-01-15T05:40:32.253970Z","level":"warning","event":"Loky-backed parallel loops cannot be called in a multiprocessing, setting n_jobs=1","category":"UserWarning","filename":"/home/airflow/.local/lib/python3.11/site-packages/sklearn/ensemble/_base.py","lineno":229,"logger":"py.warnings"}
{"timestamp":"2026-01-15T05:40:32.263461Z","level":"warning","event":"Loky-backed parallel loops cannot be called in a multiprocessing, setting n_jobs=1","category":"UserWarning","filename":"/home/airflow/.local/lib/python3.11/site-packages/sklearn/ensemble/_base.py","lineno":229,"logger":"py.warnings"}
{"timestamp":"2026-01-15T05:40:32.333568Z","level":"warning","event":"Loky-backed parallel loops cannot be called in a multiprocessing, setting n_jobs=1","category":"UserWarning","filename":"/home/airflow/.local/lib/python3.11/site-packages/joblib/parallel.py","lineno":775,"logger":"py.warnings"}
{"timestamp":"2026-01-15T05:40:32.433150Z","level":"warning","event":"Loky-backed parallel loops cannot be called in a multiprocessing, setting n_jobs=1","category":"UserWarning","filename":"/home/airflow/.local/lib/python3.11/site-packages/sklearn/ensemble/_base.py","lineno":229,"logger":"py.warnings"}
{"timestamp":"2026-01-15T05:40:32.442034Z","level":"warning","event":"Loky-backed parallel loops cannot be called in a multiprocessing, setting n_jobs=1","category":"UserWarning","filename":"/home/airflow/.local/lib/python3.11/site-packages/sklearn/ensemble/_base.py","lineno":229,"logger":"py.warnings"}
{"timestamp":"2026-01-15T05:40:32.522784Z","level":"warning","event":"Loky-backed parallel loops cannot be called in a multiprocessing, setting n_jobs=1","category":"UserWarning","filename":"/home/airflow/.local/lib/python3.11/site-packages/joblib/parallel.py","lineno":775,"logger":"py.warnings"}
{"timestamp":"2026-01-15T05:40:32.628492Z","level":"warning","event":"Loky-backed parallel loops cannot be called in a multiprocessing, setting n_jobs=1","category":"UserWarning","filename":"/home/airflow/.local/lib/python3.11/site-packages/sklearn/ensemble/_base.py","lineno":229,"logger":"py.warnings"}
{"timestamp":"2026-01-15T05:40:32.638730Z","level":"warning","event":"Loky-backed parallel loops cannot be called in a multiprocessing, setting n_jobs=1","category":"UserWarning","filename":"/home/airflow/.local/lib/python3.11/site-packages/sklearn/ensemble/_base.py","lineno":229,"logger":"py.warnings"}
{"timestamp":"2026-01-15T05:40:32.838406Z","level":"warning","event":"Loky-backed parallel loops cannot be called in a multiprocessing, setting n_jobs=1","category":"UserWarning","filename":"/home/airflow/.local/lib/python3.11/site-packages/joblib/parallel.py","lineno":775,"logger":"py.warnings"}
{"timestamp":"2026-01-15T05:40:33.860898Z","level":"warning","event":"Loky-backed parallel loops cannot be called in a multiprocessing, setting n_jobs=1","category":"UserWarning","filename":"/home/airflow/.local/lib/python3.11/site-packages/joblib/parallel.py","lineno":775,"logger":"py.warnings"}
{"timestamp":"2026-01-15T05:40:36.853458Z","level":"warning","event":"Loky-backed parallel loops cannot be called in a multiprocessing, setting n_jobs=1","category":"UserWarning","filename":"/home/airflow/.local/lib/python3.11/site-packages/joblib/parallel.py","lineno":775,"logger":"py.warnings"}
{"timestamp":"2026-01-15T05:40:40.771123Z","level":"warning","event":"Loky-backed parallel loops cannot be called in a multiprocessing, setting n_jobs=1","category":"UserWarning","filename":"/home/airflow/.local/lib/python3.11/site-packages/joblib/parallel.py","lineno":775,"logger":"py.warnings"}
{"timestamp":"2026-01-15T05:40:41.526264Z","level":"warning","event":"Loky-backed parallel loops cannot be called in a multiprocessing, setting n_jobs=1","category":"UserWarning","filename":"/home/airflow/.local/lib/python3.11/site-packages/joblib/parallel.py","lineno":775,"logger":"py.warnings"}
{"timestamp":"2026-01-15T05:40:42.344877Z","level":"info","event":"","logger":"task.stdout"}
{"timestamp":"2026-01-15T05:40:42.345258Z","level":"info","event":"Результаты сравнения моделей:","logger":"task.stdout"}
{"timestamp":"2026-01-15T05:40:42.347081Z","level":"info","event":"                                    Model  Accuracy     AUC  Recall   Prec.      F1","logger":"task.stdout"}
{"timestamp":"2026-01-15T05:40:42.347360Z","level":"info","event":"lr                    Logistic Regression    0.4917  0.4545  0.7385  0.5200  0.6060","logger":"task.stdout"}
{"timestamp":"2026-01-15T05:40:42.347833Z","level":"info","event":"catboost              CatBoost Classifier    0.5250  0.5269  0.6000  0.5555  0.5737","logger":"task.stdout"}
{"timestamp":"2026-01-15T05:40:42.348100Z","level":"info","event":"gbc          Gradient Boosting Classifier    0.5000  0.4720  0.6154  0.5341  0.5710","logger":"task.stdout"}
{"timestamp":"2026-01-15T05:40:42.348356Z","level":"info","event":"xgboost         Extreme Gradient Boosting    0.5250  0.5294  0.5846  0.5596  0.5678","logger":"task.stdout"}
{"timestamp":"2026-01-15T05:40:42.348552Z","level":"info","event":"rf               Random Forest Classifier    0.5000  0.4811  0.5923  0.5351  0.5600","logger":"task.stdout"}
{"timestamp":"2026-01-15T05:40:42.348727Z","level":"info","event":"lightgbm  Light Gradient Boosting Machine    0.5000  0.5217  0.5308  0.5407  0.5323","logger":"task.stdout"}
{"timestamp":"2026-01-15T05:40:42.348910Z","level":"info","event":"dt               Decision Tree Classifier    0.4708  0.4689  0.4923  0.5155  0.5021","logger":"task.stdout"}
{"timestamp":"2026-01-15T05:40:42.349110Z","level":"info","event":"","logger":"task.stdout"}
{"timestamp":"2026-01-15T05:40:42.349314Z","level":"info","event":"ЛУЧШАЯ МОДЕЛЬ: LogisticRegression","logger":"task.stdout"}
{"timestamp":"2026-01-15T05:40:42.349566Z","level":"info","event":"Параметры модели:","logger":"task.stdout"}
{"timestamp":"2026-01-15T05:40:42.349744Z","level":"info","event":"  C: 1.0","logger":"task.stdout"}
{"timestamp":"2026-01-15T05:40:42.349933Z","level":"info","event":"  class_weight: None","logger":"task.stdout"}
{"timestamp":"2026-01-15T05:40:42.350174Z","level":"info","event":"  dual: False","logger":"task.stdout"}
{"timestamp":"2026-01-15T05:40:42.350435Z","level":"info","event":"  fit_intercept: True","logger":"task.stdout"}
{"timestamp":"2026-01-15T05:40:42.350648Z","level":"info","event":"  intercept_scaling: 1","logger":"task.stdout"}
{"timestamp":"2026-01-15T05:40:42.350819Z","level":"info","event":"  l1_ratio: None","logger":"task.stdout"}
{"timestamp":"2026-01-15T05:40:42.351009Z","level":"info","event":"  max_iter: 1000","logger":"task.stdout"}
{"timestamp":"2026-01-15T05:40:42.351164Z","level":"info","event":"  multi_class: auto","logger":"task.stdout"}
{"timestamp":"2026-01-15T05:40:42.351346Z","level":"info","event":"  n_jobs: None","logger":"task.stdout"}
{"timestamp":"2026-01-15T05:40:42.351533Z","level":"info","event":"  penalty: l2","logger":"task.stdout"}
{"timestamp":"2026-01-15T05:40:42.382034Z","level":"info","event":"Transformation Pipeline and Model Successfully Saved","logger":"task.stdout"}
{"timestamp":"2026-01-15T05:40:42.628756Z","level":"info","event":"","logger":"task.stdout"}
{"timestamp":"2026-01-15T05:40:42.629208Z","level":"info","event":"Модель сохранена: /opt/airflow/models/best_model_20260115_054042.pkl","logger":"task.stdout"}
{"timestamp":"2026-01-15T05:40:42.630580Z","level":"info","event":"Результаты эксперимента сохранены: /opt/airflow/models/experiment_results_20260115_054042.csv","logger":"task.stdout"}
{"timestamp":"2026-01-15T05:40:42.630924Z","level":"info","event":"Метаданные сохранены: /opt/airflow/models/metadata_20260115_054042.json","logger":"task.stdout"}
{"timestamp":"2026-01-15T05:40:42.725960Z","level":"info","event":"","logger":"task.stdout"}
{"timestamp":"2026-01-15T05:40:42.726347Z","level":"info","event":"AutoML с PyCaret завершен успешно!","logger":"task.stdout"}
{"timestamp":"2026-01-15T05:40:42.726637Z","level":"info","event":"   Лучшая модель: LogisticRegression","logger":"task.stdout"}
{"timestamp":"2026-01-15T05:40:42.726979Z","level":"info","event":"   Точность: 0.4917","logger":"task.stdout"}
{"timestamp":"2026-01-15T05:40:42.727215Z","level":"info","event":"   AUC: 0.4545","logger":"task.stdout"}
{"timestamp":"2026-01-15T05:40:42.726082Z","level":"info","event":"Done. Returned value was: {'status': 'success', 'best_model': 'LogisticRegression', 'accuracy': 0.4917, 'model_path': '/opt/airflow/models/best_model_20260115_054042.pkl'}","logger":"airflow.task.operators.airflow.providers.standard.operators.python.PythonOperator","filename":"python.py","lineno":216}
{"timestamp":"2026-01-15T05:40:42.726325Z","level":"info","event":"Pushing xcom","ti":"RuntimeTaskInstance(id=UUID('019bc02b-44f8-75f1-83b9-f360364b14e0'), task_id='retrain_task', dag_id='drift_monitoring_dag', run_id='manual__2026-01-15T05:40:18+00:00', try_number=1, dag_version_id=UUID('019bbfe1-4602-7031-a466-422c5511aa8b'), map_index=-1, hostname='ce91aaa8b7e2', context_carrier={}, task=<Task(PythonOperator): retrain_task>, bundle_instance=LocalDagBundle(name=dags-folder), max_tries=1, start_date=datetime.datetime(2026, 1, 15, 5, 40, 27, 450238, tzinfo=datetime.timezone.utc), end_date=None, state=<TaskInstanceState.RUNNING: 'running'>, is_mapped=False, rendered_map_index=None)","logger":"task","filename":"task_runner.py","lineno":1450}
{"timestamp":"2026-01-15T05:40:42.758286Z","level":"info","event":"Task instance in success state","logger":"task.stdout"}
{"timestamp":"2026-01-15T05:40:42.758704Z","level":"info","event":" Previous state of the Task instance: TaskInstanceState.RUNNING","logger":"task.stdout"}
{"timestamp":"2026-01-15T05:40:42.759479Z","level":"info","event":"Task operator:<Task(PythonOperator): retrain_task>","logger":"task.stdout"}
