{"timestamp":"2026-01-15T03:38:50.528607Z","level":"info","event":"DAG bundles loaded: dags-folder, example_dags","logger":"airflow.dag_processing.bundles.manager.DagBundlesManager","filename":"manager.py","lineno":179}
{"timestamp":"2026-01-15T03:38:50.529747Z","level":"info","event":"Filling up the DagBag from /opt/airflow/dags/dag_drift_monitoring.py","logger":"airflow.models.dagbag.DagBag","filename":"dagbag.py","lineno":593}
{"timestamp":"2026-01-15T03:38:53.668730Z","level":"info","event":"generated new fontManager","logger":"matplotlib.font_manager","filename":"font_manager.py","lineno":1624}
{"timestamp":"2026-01-15T03:38:54.348072Z","level":"warning","event":"The `airflow.operators.python.PythonOperator` attribute is deprecated. Please use `'airflow.providers.standard.operators.python.PythonOperator'`.","category":"DeprecatedImportWarning","filename":"/opt/airflow/dags/dag_drift_monitoring.py","lineno":9,"logger":"py.warnings"}
{"timestamp":"2026-01-15T03:38:54.348309Z","level":"warning","event":"The `airflow.operators.python.BranchPythonOperator` attribute is deprecated. Please use `'airflow.providers.standard.operators.python.BranchPythonOperator'`.","category":"DeprecatedImportWarning","filename":"/opt/airflow/dags/dag_drift_monitoring.py","lineno":9,"logger":"py.warnings"}
{"timestamp":"2026-01-15T03:38:54.348497Z","level":"warning","event":"The `airflow.operators.empty.EmptyOperator` attribute is deprecated. Please use `'airflow.providers.standard.operators.empty.EmptyOperator'`.","category":"DeprecatedImportWarning","filename":"/opt/airflow/dags/dag_drift_monitoring.py","lineno":10,"logger":"py.warnings"}
{"timestamp":"2026-01-15T03:38:54.393600Z","level":"info","event":"Task instance is in running state","logger":"task.stdout"}
{"timestamp":"2026-01-15T03:38:54.393953Z","level":"info","event":" Previous state of the Task instance: TaskInstanceState.QUEUED","logger":"task.stdout"}
{"timestamp":"2026-01-15T03:38:54.394346Z","level":"info","event":"Current task name:check_drift_task","logger":"task.stdout"}
{"timestamp":"2026-01-15T03:38:54.394647Z","level":"info","event":"Dag name:drift_monitoring_dag","logger":"task.stdout"}
{"timestamp":"2026-01-15T03:38:54.409124Z","level":"info","event":"Average PSI: 0.2798384081367022","logger":"task.stdout"}
{"timestamp":"2026-01-15T03:38:54.409232Z","level":"warning","event":"In the future `np.bool` will be defined as the corresponding NumPy scalar.","category":"FutureWarning","filename":"/home/airflow/.local/lib/python3.11/site-packages/airflow/serialization/serializers/numpy.py","lineno":75,"logger":"py.warnings"}
{"timestamp":"2026-01-15T03:38:54.427616Z","level":"info","event":"Done. Returned value was: 0.2798384081367022","logger":"airflow.task.operators.airflow.providers.standard.operators.python.PythonOperator","filename":"python.py","lineno":216}
{"timestamp":"2026-01-15T03:38:54.428058Z","level":"info","event":"Pushing xcom","ti":"RuntimeTaskInstance(id=UUID('019bbfbb-aebf-7a76-b4ad-639f2f231d32'), task_id='check_drift_task', dag_id='drift_monitoring_dag', run_id='scheduled__2026-01-15T00:00:00+00:00', try_number=1, dag_version_id=UUID('019bbe05-f3b6-7b06-ba4c-baa17b8803d7'), map_index=-1, hostname='52bbbf4d6de4', context_carrier={}, task=<Task(PythonOperator): check_drift_task>, bundle_instance=LocalDagBundle(name=dags-folder), max_tries=1, start_date=datetime.datetime(2026, 1, 15, 3, 38, 47, 971368, tzinfo=datetime.timezone.utc), end_date=None, state=<TaskInstanceState.RUNNING: 'running'>, is_mapped=False, rendered_map_index=None)","logger":"task","filename":"task_runner.py","lineno":1450}
{"timestamp":"2026-01-15T03:38:54.469557Z","level":"info","event":"Task instance in success state","logger":"task.stdout"}
{"timestamp":"2026-01-15T03:38:54.470047Z","level":"info","event":" Previous state of the Task instance: TaskInstanceState.RUNNING","logger":"task.stdout"}
{"timestamp":"2026-01-15T03:38:54.470662Z","level":"info","event":"Task operator:<Task(PythonOperator): check_drift_task>","logger":"task.stdout"}
{"timestamp":"2026-01-15T04:21:15.518924Z","level":"info","event":"DAG bundles loaded: dags-folder, example_dags","logger":"airflow.dag_processing.bundles.manager.DagBundlesManager","filename":"manager.py","lineno":179}
{"timestamp":"2026-01-15T04:21:15.520147Z","level":"info","event":"Filling up the DagBag from /opt/airflow/dags/dag_drift_monitoring.py","logger":"airflow.models.dagbag.DagBag","filename":"dagbag.py","lineno":593}
{"timestamp":"2026-01-15T04:21:18.074897Z","level":"info","event":"generated new fontManager","logger":"matplotlib.font_manager","filename":"font_manager.py","lineno":1624}
{"timestamp":"2026-01-15T04:21:18.714734Z","level":"warning","event":"The `airflow.operators.python.PythonOperator` attribute is deprecated. Please use `'airflow.providers.standard.operators.python.PythonOperator'`.","category":"DeprecatedImportWarning","filename":"/opt/airflow/dags/dag_drift_monitoring.py","lineno":9,"logger":"py.warnings"}
{"timestamp":"2026-01-15T04:21:18.714883Z","level":"warning","event":"The `airflow.operators.python.BranchPythonOperator` attribute is deprecated. Please use `'airflow.providers.standard.operators.python.BranchPythonOperator'`.","category":"DeprecatedImportWarning","filename":"/opt/airflow/dags/dag_drift_monitoring.py","lineno":9,"logger":"py.warnings"}
{"timestamp":"2026-01-15T04:21:18.714959Z","level":"warning","event":"The `airflow.operators.empty.EmptyOperator` attribute is deprecated. Please use `'airflow.providers.standard.operators.empty.EmptyOperator'`.","category":"DeprecatedImportWarning","filename":"/opt/airflow/dags/dag_drift_monitoring.py","lineno":10,"logger":"py.warnings"}
{"timestamp":"2026-01-15T04:21:18.755075Z","level":"info","event":"Task instance is in running state","logger":"task.stdout"}
{"timestamp":"2026-01-15T04:21:18.755334Z","level":"info","event":" Previous state of the Task instance: TaskInstanceState.QUEUED","logger":"task.stdout"}
{"timestamp":"2026-01-15T04:21:18.755625Z","level":"info","event":"Current task name:check_drift_task","logger":"task.stdout"}
{"timestamp":"2026-01-15T04:21:18.755845Z","level":"info","event":"Dag name:drift_monitoring_dag","logger":"task.stdout"}
{"timestamp":"2026-01-15T04:21:18.768603Z","level":"info","event":"Average PSI: 0.2798384081367022","logger":"task.stdout"}
{"timestamp":"2026-01-15T04:21:18.768726Z","level":"warning","event":"In the future `np.bool` will be defined as the corresponding NumPy scalar.","category":"FutureWarning","filename":"/home/airflow/.local/lib/python3.11/site-packages/airflow/serialization/serializers/numpy.py","lineno":75,"logger":"py.warnings"}
{"timestamp":"2026-01-15T04:21:18.789387Z","level":"info","event":"Done. Returned value was: 0.2798384081367022","logger":"airflow.task.operators.airflow.providers.standard.operators.python.PythonOperator","filename":"python.py","lineno":216}
{"timestamp":"2026-01-15T04:21:18.789759Z","level":"info","event":"Pushing xcom","ti":"RuntimeTaskInstance(id=UUID('019bbfe2-d110-7ebd-af22-3d235c7ffe8b'), task_id='check_drift_task', dag_id='drift_monitoring_dag', run_id='scheduled__2026-01-15T00:00:00+00:00', try_number=1, dag_version_id=UUID('019bbfe1-4602-7031-a466-422c5511aa8b'), map_index=-1, hostname='c23c830df084', context_carrier={}, task=<Task(PythonOperator): check_drift_task>, bundle_instance=LocalDagBundle(name=dags-folder), max_tries=1, start_date=datetime.datetime(2026, 1, 15, 4, 21, 13, 235832, tzinfo=datetime.timezone.utc), end_date=None, state=<TaskInstanceState.RUNNING: 'running'>, is_mapped=False, rendered_map_index=None)","logger":"task","filename":"task_runner.py","lineno":1450}
{"timestamp":"2026-01-15T04:21:18.841646Z","level":"info","event":"Task instance in success state","logger":"task.stdout"}
{"timestamp":"2026-01-15T04:21:18.841990Z","level":"info","event":" Previous state of the Task instance: TaskInstanceState.RUNNING","logger":"task.stdout"}
{"timestamp":"2026-01-15T04:21:18.842860Z","level":"info","event":"Task operator:<Task(PythonOperator): check_drift_task>","logger":"task.stdout"}
