{"timestamp":"2026-01-15T06:56:37.925065Z","level":"info","event":"DAG bundles loaded: dags-folder, example_dags","logger":"airflow.dag_processing.bundles.manager.DagBundlesManager","filename":"manager.py","lineno":179}
{"timestamp":"2026-01-15T06:56:37.926297Z","level":"info","event":"Filling up the DagBag from /opt/airflow/dags/dag_drift_monitoring.py","logger":"airflow.models.dagbag.DagBag","filename":"dagbag.py","lineno":593}
{"timestamp":"2026-01-15T06:56:40.219340Z","level":"warning","event":"The `airflow.operators.python.PythonOperator` attribute is deprecated. Please use `'airflow.providers.standard.operators.python.PythonOperator'`.","category":"DeprecatedImportWarning","filename":"/opt/airflow/dags/dag_drift_monitoring.py","lineno":9,"logger":"py.warnings"}
{"timestamp":"2026-01-15T06:56:40.219645Z","level":"warning","event":"The `airflow.operators.python.BranchPythonOperator` attribute is deprecated. Please use `'airflow.providers.standard.operators.python.BranchPythonOperator'`.","category":"DeprecatedImportWarning","filename":"/opt/airflow/dags/dag_drift_monitoring.py","lineno":9,"logger":"py.warnings"}
{"timestamp":"2026-01-15T06:56:40.219733Z","level":"warning","event":"The `airflow.operators.empty.EmptyOperator` attribute is deprecated. Please use `'airflow.providers.standard.operators.empty.EmptyOperator'`.","category":"DeprecatedImportWarning","filename":"/opt/airflow/dags/dag_drift_monitoring.py","lineno":10,"logger":"py.warnings"}
{"timestamp":"2026-01-15T06:56:40.244229Z","level":"info","event":"Task instance is in running state","logger":"task.stdout"}
{"timestamp":"2026-01-15T06:56:40.244564Z","level":"info","event":" Previous state of the Task instance: TaskInstanceState.QUEUED","logger":"task.stdout"}
{"timestamp":"2026-01-15T06:56:40.244912Z","level":"info","event":"Current task name:retrain_task","logger":"task.stdout"}
{"timestamp":"2026-01-15T06:56:40.245134Z","level":"info","event":"Dag name:drift_monitoring_dag","logger":"task.stdout"}
{"timestamp":"2026-01-15T06:56:40.245920Z","level":"info","event":"Запуск переобучения модели...","logger":"task.stdout"}
{"timestamp":"2026-01-15T06:56:40.255064Z","level":"info","event":"","logger":"task.stdout"}
{"timestamp":"2026-01-15T06:56:40.255408Z","level":"info","event":"Информация о данных:","logger":"task.stdout"}
{"timestamp":"2026-01-15T06:56:40.255649Z","level":"info","event":"  Размер: (300, 7)","logger":"task.stdout"}
{"timestamp":"2026-01-15T06:56:40.255924Z","level":"info","event":"  Колонки: ['Unnamed: 0', 'age', 'sex', 'credit_amount', 'duration', 'foreign_worker_', 'class']","logger":"task.stdout"}
{"timestamp":"2026-01-15T06:56:40.256126Z","level":"info","event":"  Типы данных:","logger":"task.stdout"}
{"timestamp":"2026-01-15T06:56:40.256338Z","level":"info","event":"    Unnamed: 0: int64","logger":"task.stdout"}
{"timestamp":"2026-01-15T06:56:40.256536Z","level":"info","event":"    age: int64","logger":"task.stdout"}
{"timestamp":"2026-01-15T06:56:40.256748Z","level":"info","event":"    sex: object","logger":"task.stdout"}
{"timestamp":"2026-01-15T06:56:40.256946Z","level":"info","event":"    credit_amount: int64","logger":"task.stdout"}
{"timestamp":"2026-01-15T06:56:40.257146Z","level":"info","event":"    duration: int64","logger":"task.stdout"}
{"timestamp":"2026-01-15T06:56:40.257354Z","level":"info","event":"    foreign_worker_: object","logger":"task.stdout"}
{"timestamp":"2026-01-15T06:56:40.257553Z","level":"info","event":"    class: int64","logger":"task.stdout"}
{"timestamp":"2026-01-15T06:56:40.257756Z","level":"info","event":"","logger":"task.stdout"}
{"timestamp":"2026-01-15T06:56:40.257957Z","level":"info","event":"Распределение целевой переменной:","logger":"task.stdout"}
{"timestamp":"2026-01-15T06:56:40.258193Z","level":"info","event":"1    163","logger":"task.stdout"}
{"timestamp":"2026-01-15T06:56:40.258420Z","level":"info","event":"0    137","logger":"task.stdout"}
{"timestamp":"2026-01-15T06:56:40.258618Z","level":"info","event":"Name: class, dtype: int64","logger":"task.stdout"}
{"timestamp":"2026-01-15T06:56:40.268308Z","level":"error","event":"2026/01/15 06:56:40 INFO mlflow.tracking.fluent: Experiment with name 'pycaret_automl_experiment' does not exist. Creating a new experiment.","logger":"task.stderr"}
{"timestamp":"2026-01-15T06:56:40.270758Z","level":"info","event":"","logger":"task.stdout"}
{"timestamp":"2026-01-15T06:56:40.271043Z","level":"info","event":"Настройка PyCaret...","logger":"task.stdout"}
{"timestamp":"2026-01-15T06:56:46.288214Z","level":"error","event":"2026/01/15 06:56:46 INFO mlflow.tracking.fluent: Experiment with name 'airflow_pycaret' does not exist. Creating a new experiment.","logger":"task.stderr"}
{"timestamp":"2026-01-15T06:56:46.082515Z","level":"error","event":"Task failed with exception","logger":"task","filename":"task_runner.py","lineno":1078,"error_detail":[{"exc_type":"AttributeError","exc_value":"'ThreadLocalVariable' object has no attribute 'copy'","exc_notes":[],"syntax_error":null,"is_cause":false,"frames":[{"filename":"/home/airflow/.local/lib/python3.11/site-packages/airflow/sdk/execution_time/task_runner.py","lineno":1004,"name":"run"},{"filename":"/home/airflow/.local/lib/python3.11/site-packages/airflow/sdk/execution_time/task_runner.py","lineno":1405,"name":"_execute_task"},{"filename":"/home/airflow/.local/lib/python3.11/site-packages/airflow/sdk/bases/operator.py","lineno":417,"name":"wrapper"},{"filename":"/home/airflow/.local/lib/python3.11/site-packages/airflow/providers/standard/operators/python.py","lineno":214,"name":"execute"},{"filename":"/home/airflow/.local/lib/python3.11/site-packages/airflow/providers/standard/operators/python.py","lineno":237,"name":"execute_callable"},{"filename":"/home/airflow/.local/lib/python3.11/site-packages/airflow/sdk/execution_time/callback_runner.py","lineno":82,"name":"run"},{"filename":"/opt/airflow/dags/dag_drift_monitoring.py","lineno":146,"name":"retrain_model"},{"filename":"/home/airflow/.local/lib/python3.11/site-packages/pycaret/classification/functional.py","lineno":595,"name":"setup"},{"filename":"/home/airflow/.local/lib/python3.11/site-packages/pycaret/classification/oop.py","lineno":1014,"name":"setup"},{"filename":"/home/airflow/.local/lib/python3.11/site-packages/pycaret/internal/pycaret_experiment/supervised_experiment.py","lineno":268,"name":"_set_up_logging"},{"filename":"/home/airflow/.local/lib/python3.11/site-packages/pycaret/loggers/dashboard_logger.py","lineno":208,"name":"log_experiment"},{"filename":"/home/airflow/.local/lib/python3.11/site-packages/pycaret/loggers/mlflow_logger.py","lineno":57,"name":"init_experiment"},{"filename":"/usr/python/lib/python3.11/contextlib.py","lineno":137,"name":"__enter__"},{"filename":"/home/airflow/.local/lib/python3.11/site-packages/pycaret/loggers/mlflow_logger.py","lineno":33,"name":"clean_active_mlflow_run"}],"is_group":false,"exceptions":[]}]}
{"timestamp":"2026-01-15T06:56:46.334208Z","level":"info","event":"Task instance in failure state","logger":"task.stdout"}
{"timestamp":"2026-01-15T06:56:46.334582Z","level":"info","event":"Task start","logger":"task.stdout"}
{"timestamp":"2026-01-15T06:56:46.335318Z","level":"info","event":"Task:<Task(PythonOperator): retrain_task>","logger":"task.stdout"}
{"timestamp":"2026-01-15T06:56:46.335594Z","level":"info","event":"Failure caused by 'ThreadLocalVariable' object has no attribute 'copy'","logger":"task.stdout"}
