{"timestamp":"2026-01-15T18:27:29.454951Z","level":"info","event":"DAG bundles loaded: dags-folder, example_dags","logger":"airflow.dag_processing.bundles.manager.DagBundlesManager","filename":"manager.py","lineno":179}
{"timestamp":"2026-01-15T18:27:29.456012Z","level":"info","event":"Filling up the DagBag from /opt/airflow/dags/dag_drift_monitoring.py","logger":"airflow.models.dagbag.DagBag","filename":"dagbag.py","lineno":593}
{"timestamp":"2026-01-15T18:27:32.212419Z","level":"warning","event":"The `airflow.operators.python.PythonOperator` attribute is deprecated. Please use `'airflow.providers.standard.operators.python.PythonOperator'`.","category":"DeprecatedImportWarning","filename":"/opt/airflow/dags/dag_drift_monitoring.py","lineno":14,"logger":"py.warnings"}
{"timestamp":"2026-01-15T18:27:32.212554Z","level":"warning","event":"The `airflow.operators.python.BranchPythonOperator` attribute is deprecated. Please use `'airflow.providers.standard.operators.python.BranchPythonOperator'`.","category":"DeprecatedImportWarning","filename":"/opt/airflow/dags/dag_drift_monitoring.py","lineno":14,"logger":"py.warnings"}
{"timestamp":"2026-01-15T18:27:32.212622Z","level":"warning","event":"The `airflow.operators.empty.EmptyOperator` attribute is deprecated. Please use `'airflow.providers.standard.operators.empty.EmptyOperator'`.","category":"DeprecatedImportWarning","filename":"/opt/airflow/dags/dag_drift_monitoring.py","lineno":15,"logger":"py.warnings"}
{"timestamp":"2026-01-15T18:27:32.232342Z","level":"info","event":"Task instance is in running state","logger":"task.stdout"}
{"timestamp":"2026-01-15T18:27:32.232711Z","level":"info","event":" Previous state of the Task instance: TaskInstanceState.QUEUED","logger":"task.stdout"}
{"timestamp":"2026-01-15T18:27:32.233178Z","level":"info","event":"Current task name:decide_promotion","logger":"task.stdout"}
{"timestamp":"2026-01-15T18:27:32.233523Z","level":"info","event":"Dag name:drift_monitoring_dag","logger":"task.stdout"}
{"timestamp":"2026-01-15T18:27:32.273839Z","level":"info","event":"","logger":"task.stdout"}
{"timestamp":"2026-01-15T18:27:32.274369Z","level":"info","event":"⚠ Staging метрики отсутствуют. Переобучение, возможно, не завершено или модель не переведена в Staging.","logger":"task.stdout"}
{"timestamp":"2026-01-15T18:27:32.274683Z","level":"info","event":"Решение: НЕ переводить модель в Production (Staging модель отсутствует)","logger":"task.stdout"}
{"timestamp":"2026-01-15T18:27:32.274604Z","level":"info","event":"Done. Returned value was: skip_promotion_task","logger":"airflow.task.operators.airflow.providers.standard.operators.python.BranchPythonOperator","filename":"python.py","lineno":216}
{"timestamp":"2026-01-15T18:27:32.274746Z","level":"info","event":"Branch into skip_promotion_task","logger":"airflow.task.operators.airflow.providers.standard.operators.python.BranchPythonOperator","filename":"branch.py","lineno":44}
{"timestamp":"2026-01-15T18:27:32.275320Z","level":"info","event":"Following branch {'skip_promotion_task'}","logger":"airflow.task.operators.airflow.providers.standard.operators.python.BranchPythonOperator","filename":"skipmixin.py","lineno":146}
{"timestamp":"2026-01-15T18:27:32.275662Z","level":"info","event":"Skipping tasks [('promote_to_production_task', -1)]","logger":"airflow.task.operators.airflow.providers.standard.operators.python.BranchPythonOperator","filename":"skipmixin.py","lineno":185}
{"timestamp":"2026-01-15T18:27:32.290721Z","level":"info","event":"Skipping downstream tasks.","logger":"task","filename":"task_runner.py","lineno":1019}
{"timestamp":"2026-01-15T18:27:32.322368Z","level":"info","event":"Task instance in success state","logger":"task.stdout"}
{"timestamp":"2026-01-15T18:27:32.322842Z","level":"info","event":" Previous state of the Task instance: TaskInstanceState.RUNNING","logger":"task.stdout"}
{"timestamp":"2026-01-15T18:27:32.323367Z","level":"info","event":"Task operator:<Task(BranchPythonOperator): decide_promotion>","logger":"task.stdout"}
