{"timestamp":"2026-01-15T04:26:27.880386Z","level":"info","event":"DAG bundles loaded: dags-folder, example_dags","logger":"airflow.dag_processing.bundles.manager.DagBundlesManager","filename":"manager.py","lineno":179}
{"timestamp":"2026-01-15T04:26:27.881595Z","level":"info","event":"Filling up the DagBag from /opt/airflow/dags/dag_drift_monitoring.py","logger":"airflow.models.dagbag.DagBag","filename":"dagbag.py","lineno":593}
{"timestamp":"2026-01-15T04:26:30.491845Z","level":"warning","event":"The `airflow.operators.python.PythonOperator` attribute is deprecated. Please use `'airflow.providers.standard.operators.python.PythonOperator'`.","category":"DeprecatedImportWarning","filename":"/opt/airflow/dags/dag_drift_monitoring.py","lineno":9,"logger":"py.warnings"}
{"timestamp":"2026-01-15T04:26:30.491983Z","level":"warning","event":"The `airflow.operators.python.BranchPythonOperator` attribute is deprecated. Please use `'airflow.providers.standard.operators.python.BranchPythonOperator'`.","category":"DeprecatedImportWarning","filename":"/opt/airflow/dags/dag_drift_monitoring.py","lineno":9,"logger":"py.warnings"}
{"timestamp":"2026-01-15T04:26:30.492055Z","level":"warning","event":"The `airflow.operators.empty.EmptyOperator` attribute is deprecated. Please use `'airflow.providers.standard.operators.empty.EmptyOperator'`.","category":"DeprecatedImportWarning","filename":"/opt/airflow/dags/dag_drift_monitoring.py","lineno":10,"logger":"py.warnings"}
{"timestamp":"2026-01-15T04:26:30.508619Z","level":"info","event":"Task instance is in running state","logger":"task.stdout"}
{"timestamp":"2026-01-15T04:26:30.509011Z","level":"info","event":" Previous state of the Task instance: TaskInstanceState.QUEUED","logger":"task.stdout"}
{"timestamp":"2026-01-15T04:26:30.509418Z","level":"info","event":"Current task name:retrain_task","logger":"task.stdout"}
{"timestamp":"2026-01-15T04:26:30.509679Z","level":"info","event":"Dag name:drift_monitoring_dag","logger":"task.stdout"}
{"timestamp":"2026-01-15T04:26:30.510700Z","level":"info","event":"Запуск переобучения модели...","logger":"task.stdout"}
{"timestamp":"2026-01-15T04:26:30.521877Z","level":"info","event":"","logger":"task.stdout"}
{"timestamp":"2026-01-15T04:26:30.522178Z","level":"info","event":"Информация о данных:","logger":"task.stdout"}
{"timestamp":"2026-01-15T04:26:30.522422Z","level":"info","event":"  Размер: (300, 7)","logger":"task.stdout"}
{"timestamp":"2026-01-15T04:26:30.522629Z","level":"info","event":"  Колонки: ['Unnamed: 0', 'age', 'sex', 'credit_amount', 'duration', 'foreign_worker_', 'class']","logger":"task.stdout"}
{"timestamp":"2026-01-15T04:26:30.522851Z","level":"info","event":"  Типы данных:","logger":"task.stdout"}
{"timestamp":"2026-01-15T04:26:30.523131Z","level":"info","event":"    Unnamed: 0: int64","logger":"task.stdout"}
{"timestamp":"2026-01-15T04:26:30.523424Z","level":"info","event":"    age: int64","logger":"task.stdout"}
{"timestamp":"2026-01-15T04:26:30.523710Z","level":"info","event":"    sex: object","logger":"task.stdout"}
{"timestamp":"2026-01-15T04:26:30.524021Z","level":"info","event":"    credit_amount: int64","logger":"task.stdout"}
{"timestamp":"2026-01-15T04:26:30.524458Z","level":"info","event":"    duration: int64","logger":"task.stdout"}
{"timestamp":"2026-01-15T04:26:30.524701Z","level":"info","event":"    foreign_worker_: object","logger":"task.stdout"}
{"timestamp":"2026-01-15T04:26:30.524955Z","level":"info","event":"    class: int64","logger":"task.stdout"}
{"timestamp":"2026-01-15T04:26:30.525401Z","level":"info","event":"","logger":"task.stdout"}
{"timestamp":"2026-01-15T04:26:30.526758Z","level":"info","event":"Распределение целевой переменной:","logger":"task.stdout"}
{"timestamp":"2026-01-15T04:26:30.527108Z","level":"info","event":"1    163","logger":"task.stdout"}
{"timestamp":"2026-01-15T04:26:30.527386Z","level":"info","event":"0    137","logger":"task.stdout"}
{"timestamp":"2026-01-15T04:26:30.527628Z","level":"info","event":"Name: class, dtype: int64","logger":"task.stdout"}
{"timestamp":"2026-01-15T04:26:30.527157Z","level":"warning","event":"The filesystem tracking backend (e.g., './mlruns') will be deprecated in February 2026. Consider transitioning to a database backend (e.g., 'sqlite:///mlflow.db') to take advantage of the latest MLflow features. See https://github.com/mlflow/mlflow/issues/18534 for more details and migration guidance. For migrating existing data, https://github.com/mlflow/mlflow-export-import can be used.","category":"FutureWarning","filename":"/home/airflow/.local/lib/python3.11/site-packages/mlflow/tracking/_tracking_service/utils.py","lineno":178,"logger":"py.warnings"}
{"timestamp":"2026-01-15T04:26:30.537238Z","level":"info","event":"","logger":"task.stdout"}
{"timestamp":"2026-01-15T04:26:30.537673Z","level":"info","event":"Настройка PyCaret...","logger":"task.stdout"}
{"timestamp":"2026-01-15T04:26:30.561406Z","level":"error","event":"Task failed with exception","logger":"task","filename":"task_runner.py","lineno":1078,"error_detail":[{"exc_type":"OSError","exc_value":"libgomp.so.1: cannot open shared object file: No such file or directory","exc_notes":[],"syntax_error":null,"is_cause":false,"frames":[{"filename":"/home/airflow/.local/lib/python3.11/site-packages/airflow/sdk/execution_time/task_runner.py","lineno":1004,"name":"run"},{"filename":"/home/airflow/.local/lib/python3.11/site-packages/airflow/sdk/execution_time/task_runner.py","lineno":1405,"name":"_execute_task"},{"filename":"/home/airflow/.local/lib/python3.11/site-packages/airflow/sdk/bases/operator.py","lineno":417,"name":"wrapper"},{"filename":"/home/airflow/.local/lib/python3.11/site-packages/airflow/providers/standard/operators/python.py","lineno":214,"name":"execute"},{"filename":"/home/airflow/.local/lib/python3.11/site-packages/airflow/providers/standard/operators/python.py","lineno":237,"name":"execute_callable"},{"filename":"/home/airflow/.local/lib/python3.11/site-packages/airflow/sdk/execution_time/callback_runner.py","lineno":82,"name":"run"},{"filename":"/opt/airflow/dags/dag_drift_monitoring.py","lineno":146,"name":"retrain_model"},{"filename":"/home/airflow/.local/lib/python3.11/site-packages/pycaret/classification/functional.py","lineno":595,"name":"setup"},{"filename":"/home/airflow/.local/lib/python3.11/site-packages/pycaret/classification/oop.py","lineno":715,"name":"setup"},{"filename":"/home/airflow/.local/lib/python3.11/site-packages/pycaret/internal/pycaret_experiment/tabular_experiment.py","lineno":328,"name":"_initialize_setup"},{"filename":"/home/airflow/.local/lib/python3.11/site-packages/pycaret/internal/pycaret_experiment/pycaret_experiment.py","lineno":121,"name":"_check_environment"},{"filename":"/home/airflow/.local/lib/python3.11/site-packages/pycaret/utils/_show_versions.py","lineno":165,"name":"show_versions"},{"filename":"/home/airflow/.local/lib/python3.11/site-packages/pycaret/utils/_show_versions.py","lineno":130,"name":"_get_deps_info"},{"filename":"/home/airflow/.local/lib/python3.11/site-packages/pycaret/utils/_dependencies.py","lineno":81,"name":"get_module_version"},{"filename":"/home/airflow/.local/lib/python3.11/site-packages/pycaret/utils/_dependencies.py","lineno":75,"name":"_get_module_version"},{"filename":"/home/airflow/.local/lib/python3.11/site-packages/pycaret/utils/_dependencies.py","lineno":28,"name":"_try_import_and_get_module_version"},{"filename":"/usr/python/lib/python3.11/importlib/__init__.py","lineno":126,"name":"import_module"},{"filename":"<frozen importlib._bootstrap>","lineno":1204,"name":"_gcd_import"},{"filename":"<frozen importlib._bootstrap>","lineno":1176,"name":"_find_and_load"},{"filename":"<frozen importlib._bootstrap>","lineno":1147,"name":"_find_and_load_unlocked"},{"filename":"<frozen importlib._bootstrap>","lineno":690,"name":"_load_unlocked"},{"filename":"<frozen importlib._bootstrap_external>","lineno":940,"name":"exec_module"},{"filename":"<frozen importlib._bootstrap>","lineno":241,"name":"_call_with_frames_removed"},{"filename":"/home/airflow/.local/lib/python3.11/site-packages/lightgbm/__init__.py","lineno":8,"name":"<module>"},{"filename":"/home/airflow/.local/lib/python3.11/site-packages/lightgbm/basic.py","lineno":226,"name":"<module>"},{"filename":"/home/airflow/.local/lib/python3.11/site-packages/lightgbm/basic.py","lineno":211,"name":"_load_lib"},{"filename":"/usr/python/lib/python3.11/ctypes/__init__.py","lineno":454,"name":"LoadLibrary"},{"filename":"/usr/python/lib/python3.11/ctypes/__init__.py","lineno":376,"name":"__init__"}],"is_group":false,"exceptions":[]}]}
{"timestamp":"2026-01-15T04:26:30.563146Z","level":"info","event":"Task instance in failure state","logger":"task.stdout"}
{"timestamp":"2026-01-15T04:26:30.563503Z","level":"info","event":"Task start","logger":"task.stdout"}
{"timestamp":"2026-01-15T04:26:30.564006Z","level":"info","event":"Task:<Task(PythonOperator): retrain_task>","logger":"task.stdout"}
{"timestamp":"2026-01-15T04:26:30.564245Z","level":"info","event":"Failure caused by libgomp.so.1: cannot open shared object file: No such file or directory","logger":"task.stdout"}
