{"timestamp":"2026-01-16T04:47:58.391645Z","level":"info","event":"DAG bundles loaded: dags-folder, example_dags","logger":"airflow.dag_processing.bundles.manager.DagBundlesManager","filename":"manager.py","lineno":179}
{"timestamp":"2026-01-16T04:47:58.392725Z","level":"info","event":"Filling up the DagBag from /opt/airflow/dags/dag_drift_monitoring.py","logger":"airflow.models.dagbag.DagBag","filename":"dagbag.py","lineno":593}
{"timestamp":"2026-01-16T04:48:01.408813Z","level":"warning","event":"The `airflow.operators.python.PythonOperator` attribute is deprecated. Please use `'airflow.providers.standard.operators.python.PythonOperator'`.","category":"DeprecatedImportWarning","filename":"/opt/airflow/dags/dag_drift_monitoring.py","lineno":14,"logger":"py.warnings"}
{"timestamp":"2026-01-16T04:48:01.408942Z","level":"warning","event":"The `airflow.operators.python.BranchPythonOperator` attribute is deprecated. Please use `'airflow.providers.standard.operators.python.BranchPythonOperator'`.","category":"DeprecatedImportWarning","filename":"/opt/airflow/dags/dag_drift_monitoring.py","lineno":14,"logger":"py.warnings"}
{"timestamp":"2026-01-16T04:48:01.409072Z","level":"warning","event":"The `airflow.operators.empty.EmptyOperator` attribute is deprecated. Please use `'airflow.providers.standard.operators.empty.EmptyOperator'`.","category":"DeprecatedImportWarning","filename":"/opt/airflow/dags/dag_drift_monitoring.py","lineno":15,"logger":"py.warnings"}
{"timestamp":"2026-01-16T04:48:01.431638Z","level":"info","event":"Task instance is in running state","logger":"task.stdout"}
{"timestamp":"2026-01-16T04:48:01.432835Z","level":"info","event":" Previous state of the Task instance: TaskInstanceState.QUEUED","logger":"task.stdout"}
{"timestamp":"2026-01-16T04:48:01.433924Z","level":"info","event":"Current task name:retrain_task","logger":"task.stdout"}
{"timestamp":"2026-01-16T04:48:01.435809Z","level":"info","event":"Dag name:drift_monitoring_dag","logger":"task.stdout"}
{"timestamp":"2026-01-16T04:48:01.438722Z","level":"info","event":"Запуск переобучения модели...","logger":"task.stdout"}
{"timestamp":"2026-01-16T04:48:01.449620Z","level":"info","event":"","logger":"task.stdout"}
{"timestamp":"2026-01-16T04:48:01.449965Z","level":"info","event":"Информация о данных:","logger":"task.stdout"}
{"timestamp":"2026-01-16T04:48:01.450312Z","level":"info","event":"  Размер: (300, 7)","logger":"task.stdout"}
{"timestamp":"2026-01-16T04:48:01.450572Z","level":"info","event":"  Колонки: ['Unnamed: 0', 'age', 'sex', 'credit_amount', 'duration', 'foreign_worker_', 'class']","logger":"task.stdout"}
{"timestamp":"2026-01-16T04:48:01.450834Z","level":"info","event":"  Типы данных:","logger":"task.stdout"}
{"timestamp":"2026-01-16T04:48:01.451140Z","level":"info","event":"    Unnamed: 0: int64","logger":"task.stdout"}
{"timestamp":"2026-01-16T04:48:01.451381Z","level":"info","event":"    age: int64","logger":"task.stdout"}
{"timestamp":"2026-01-16T04:48:01.451608Z","level":"info","event":"    sex: object","logger":"task.stdout"}
{"timestamp":"2026-01-16T04:48:01.451865Z","level":"info","event":"    credit_amount: int64","logger":"task.stdout"}
{"timestamp":"2026-01-16T04:48:01.452072Z","level":"info","event":"    duration: int64","logger":"task.stdout"}
{"timestamp":"2026-01-16T04:48:01.452296Z","level":"info","event":"    foreign_worker_: object","logger":"task.stdout"}
{"timestamp":"2026-01-16T04:48:01.452523Z","level":"info","event":"    class: int64","logger":"task.stdout"}
{"timestamp":"2026-01-16T04:48:01.452723Z","level":"info","event":"","logger":"task.stdout"}
{"timestamp":"2026-01-16T04:48:01.452927Z","level":"info","event":"Распределение целевой переменной:","logger":"task.stdout"}
{"timestamp":"2026-01-16T04:48:01.453129Z","level":"info","event":"1    163","logger":"task.stdout"}
{"timestamp":"2026-01-16T04:48:01.453338Z","level":"info","event":"0    137","logger":"task.stdout"}
{"timestamp":"2026-01-16T04:48:01.453554Z","level":"info","event":"Name: class, dtype: int64","logger":"task.stdout"}
{"timestamp":"2026-01-16T04:48:01.453588Z","level":"warning","event":"The filesystem tracking backend (e.g., './mlruns') will be deprecated in February 2026. Consider transitioning to a database backend (e.g., 'sqlite:///mlflow.db') to take advantage of the latest MLflow features. See https://github.com/mlflow/mlflow/issues/18534 for more details and migration guidance. For migrating existing data, https://github.com/mlflow/mlflow-export-import can be used.","category":"FutureWarning","filename":"/home/airflow/.local/lib/python3.11/site-packages/mlflow/tracking/_tracking_service/utils.py","lineno":178,"logger":"py.warnings"}
{"timestamp":"2026-01-16T04:48:01.509156Z","level":"info","event":"","logger":"task.stdout"}
{"timestamp":"2026-01-16T04:48:01.509573Z","level":"info","event":"Настройка PyCaret...","logger":"task.stdout"}
{"timestamp":"2026-01-16T04:48:01.510625Z","level":"error","event":"Task failed with exception","logger":"task","filename":"task_runner.py","lineno":1078,"error_detail":[{"exc_type":"TypeError","exc_value":"DataFrame.drop() got an unexpected keyword argument 'include'","exc_notes":[],"syntax_error":null,"is_cause":false,"frames":[{"filename":"/home/airflow/.local/lib/python3.11/site-packages/airflow/sdk/execution_time/task_runner.py","lineno":1004,"name":"run"},{"filename":"/home/airflow/.local/lib/python3.11/site-packages/airflow/sdk/execution_time/task_runner.py","lineno":1405,"name":"_execute_task"},{"filename":"/home/airflow/.local/lib/python3.11/site-packages/airflow/sdk/bases/operator.py","lineno":417,"name":"wrapper"},{"filename":"/home/airflow/.local/lib/python3.11/site-packages/airflow/providers/standard/operators/python.py","lineno":214,"name":"execute"},{"filename":"/home/airflow/.local/lib/python3.11/site-packages/airflow/providers/standard/operators/python.py","lineno":237,"name":"execute_callable"},{"filename":"/home/airflow/.local/lib/python3.11/site-packages/airflow/sdk/execution_time/callback_runner.py","lineno":82,"name":"run"},{"filename":"/opt/airflow/dags/dag_drift_monitoring.py","lineno":157,"name":"retrain_model"},{"filename":"/home/airflow/.local/lib/python3.11/site-packages/pandas/util/_decorators.py","lineno":331,"name":"wrapper"}],"is_group":false,"exceptions":[]}]}
{"timestamp":"2026-01-16T04:48:01.533195Z","level":"info","event":"Task instance in failure state","logger":"task.stdout"}
{"timestamp":"2026-01-16T04:48:01.534090Z","level":"info","event":"Task start","logger":"task.stdout"}
{"timestamp":"2026-01-16T04:48:01.540162Z","level":"info","event":"Task:<Task(PythonOperator): retrain_task>","logger":"task.stdout"}
{"timestamp":"2026-01-16T04:48:01.542549Z","level":"info","event":"Failure caused by DataFrame.drop() got an unexpected keyword argument 'include'","logger":"task.stdout"}
