{"timestamp":"2026-01-15T03:44:04.808036Z","level":"info","event":"DAG bundles loaded: dags-folder, example_dags","logger":"airflow.dag_processing.bundles.manager.DagBundlesManager","filename":"manager.py","lineno":179}
{"timestamp":"2026-01-15T03:44:04.809042Z","level":"info","event":"Filling up the DagBag from /opt/airflow/dags/dag_drift_monitoring.py","logger":"airflow.models.dagbag.DagBag","filename":"dagbag.py","lineno":593}
{"timestamp":"2026-01-15T03:44:07.342275Z","level":"warning","event":"The `airflow.operators.python.PythonOperator` attribute is deprecated. Please use `'airflow.providers.standard.operators.python.PythonOperator'`.","category":"DeprecatedImportWarning","filename":"/opt/airflow/dags/dag_drift_monitoring.py","lineno":9,"logger":"py.warnings"}
{"timestamp":"2026-01-15T03:44:07.342434Z","level":"warning","event":"The `airflow.operators.python.BranchPythonOperator` attribute is deprecated. Please use `'airflow.providers.standard.operators.python.BranchPythonOperator'`.","category":"DeprecatedImportWarning","filename":"/opt/airflow/dags/dag_drift_monitoring.py","lineno":9,"logger":"py.warnings"}
{"timestamp":"2026-01-15T03:44:07.342513Z","level":"warning","event":"The `airflow.operators.empty.EmptyOperator` attribute is deprecated. Please use `'airflow.providers.standard.operators.empty.EmptyOperator'`.","category":"DeprecatedImportWarning","filename":"/opt/airflow/dags/dag_drift_monitoring.py","lineno":10,"logger":"py.warnings"}
{"timestamp":"2026-01-15T03:44:07.356416Z","level":"info","event":"Task instance is in running state","logger":"task.stdout"}
{"timestamp":"2026-01-15T03:44:07.357545Z","level":"info","event":" Previous state of the Task instance: TaskInstanceState.QUEUED","logger":"task.stdout"}
{"timestamp":"2026-01-15T03:44:07.357833Z","level":"info","event":"Current task name:retrain_task","logger":"task.stdout"}
{"timestamp":"2026-01-15T03:44:07.358008Z","level":"info","event":"Dag name:drift_monitoring_dag","logger":"task.stdout"}
{"timestamp":"2026-01-15T03:44:07.358258Z","level":"info","event":"Запуск переобучения модели...","logger":"task.stdout"}
{"timestamp":"2026-01-15T03:44:07.366784Z","level":"info","event":"","logger":"task.stdout"}
{"timestamp":"2026-01-15T03:44:07.367046Z","level":"info","event":"Информация о данных:","logger":"task.stdout"}
{"timestamp":"2026-01-15T03:44:07.367246Z","level":"info","event":"  Размер: (300, 7)","logger":"task.stdout"}
{"timestamp":"2026-01-15T03:44:07.367426Z","level":"info","event":"  Колонки: ['Unnamed: 0', 'age', 'sex', 'credit_amount', 'duration', 'foreign_worker_', 'class']","logger":"task.stdout"}
{"timestamp":"2026-01-15T03:44:07.367664Z","level":"info","event":"  Типы данных:","logger":"task.stdout"}
{"timestamp":"2026-01-15T03:44:07.367839Z","level":"info","event":"    Unnamed: 0: int64","logger":"task.stdout"}
{"timestamp":"2026-01-15T03:44:07.368003Z","level":"info","event":"    age: int64","logger":"task.stdout"}
{"timestamp":"2026-01-15T03:44:07.368149Z","level":"info","event":"    sex: object","logger":"task.stdout"}
{"timestamp":"2026-01-15T03:44:07.368302Z","level":"info","event":"    credit_amount: int64","logger":"task.stdout"}
{"timestamp":"2026-01-15T03:44:07.368488Z","level":"info","event":"    duration: int64","logger":"task.stdout"}
{"timestamp":"2026-01-15T03:44:07.368676Z","level":"info","event":"    foreign_worker_: object","logger":"task.stdout"}
{"timestamp":"2026-01-15T03:44:07.368869Z","level":"info","event":"    class: int64","logger":"task.stdout"}
{"timestamp":"2026-01-15T03:44:07.369036Z","level":"info","event":"","logger":"task.stdout"}
{"timestamp":"2026-01-15T03:44:07.369196Z","level":"info","event":"Распределение целевой переменной:","logger":"task.stdout"}
{"timestamp":"2026-01-15T03:44:07.369447Z","level":"info","event":"1    163","logger":"task.stdout"}
{"timestamp":"2026-01-15T03:44:07.369625Z","level":"info","event":"0    137","logger":"task.stdout"}
{"timestamp":"2026-01-15T03:44:07.369788Z","level":"info","event":"Name: class, dtype: int64","logger":"task.stdout"}
{"timestamp":"2026-01-15T03:44:07.371520Z","level":"warning","event":"The filesystem tracking backend (e.g., './mlruns') will be deprecated in February 2026. Consider transitioning to a database backend (e.g., 'sqlite:///mlflow.db') to take advantage of the latest MLflow features. See https://github.com/mlflow/mlflow/issues/18534 for more details and migration guidance. For migrating existing data, https://github.com/mlflow/mlflow-export-import can be used.","category":"FutureWarning","filename":"/home/airflow/.local/lib/python3.11/site-packages/mlflow/tracking/_tracking_service/utils.py","lineno":178,"logger":"py.warnings"}
{"timestamp":"2026-01-15T03:44:07.378155Z","level":"info","event":"","logger":"task.stdout"}
{"timestamp":"2026-01-15T03:44:07.378463Z","level":"info","event":"Настройка PyCaret...","logger":"task.stdout"}
{"timestamp":"2026-01-15T03:44:07.398477Z","level":"error","event":"Task failed with exception","logger":"task","filename":"task_runner.py","lineno":1078,"error_detail":[{"exc_type":"OSError","exc_value":"libgomp.so.1: cannot open shared object file: No such file or directory","exc_notes":[],"syntax_error":null,"is_cause":false,"frames":[{"filename":"/home/airflow/.local/lib/python3.11/site-packages/airflow/sdk/execution_time/task_runner.py","lineno":1004,"name":"run"},{"filename":"/home/airflow/.local/lib/python3.11/site-packages/airflow/sdk/execution_time/task_runner.py","lineno":1405,"name":"_execute_task"},{"filename":"/home/airflow/.local/lib/python3.11/site-packages/airflow/sdk/bases/operator.py","lineno":417,"name":"wrapper"},{"filename":"/home/airflow/.local/lib/python3.11/site-packages/airflow/providers/standard/operators/python.py","lineno":214,"name":"execute"},{"filename":"/home/airflow/.local/lib/python3.11/site-packages/airflow/providers/standard/operators/python.py","lineno":237,"name":"execute_callable"},{"filename":"/home/airflow/.local/lib/python3.11/site-packages/airflow/sdk/execution_time/callback_runner.py","lineno":82,"name":"run"},{"filename":"/opt/airflow/dags/dag_drift_monitoring.py","lineno":146,"name":"retrain_model"},{"filename":"/home/airflow/.local/lib/python3.11/site-packages/pycaret/classification/functional.py","lineno":595,"name":"setup"},{"filename":"/home/airflow/.local/lib/python3.11/site-packages/pycaret/classification/oop.py","lineno":715,"name":"setup"},{"filename":"/home/airflow/.local/lib/python3.11/site-packages/pycaret/internal/pycaret_experiment/tabular_experiment.py","lineno":328,"name":"_initialize_setup"},{"filename":"/home/airflow/.local/lib/python3.11/site-packages/pycaret/internal/pycaret_experiment/pycaret_experiment.py","lineno":121,"name":"_check_environment"},{"filename":"/home/airflow/.local/lib/python3.11/site-packages/pycaret/utils/_show_versions.py","lineno":165,"name":"show_versions"},{"filename":"/home/airflow/.local/lib/python3.11/site-packages/pycaret/utils/_show_versions.py","lineno":130,"name":"_get_deps_info"},{"filename":"/home/airflow/.local/lib/python3.11/site-packages/pycaret/utils/_dependencies.py","lineno":81,"name":"get_module_version"},{"filename":"/home/airflow/.local/lib/python3.11/site-packages/pycaret/utils/_dependencies.py","lineno":75,"name":"_get_module_version"},{"filename":"/home/airflow/.local/lib/python3.11/site-packages/pycaret/utils/_dependencies.py","lineno":28,"name":"_try_import_and_get_module_version"},{"filename":"/usr/python/lib/python3.11/importlib/__init__.py","lineno":126,"name":"import_module"},{"filename":"<frozen importlib._bootstrap>","lineno":1204,"name":"_gcd_import"},{"filename":"<frozen importlib._bootstrap>","lineno":1176,"name":"_find_and_load"},{"filename":"<frozen importlib._bootstrap>","lineno":1147,"name":"_find_and_load_unlocked"},{"filename":"<frozen importlib._bootstrap>","lineno":690,"name":"_load_unlocked"},{"filename":"<frozen importlib._bootstrap_external>","lineno":940,"name":"exec_module"},{"filename":"<frozen importlib._bootstrap>","lineno":241,"name":"_call_with_frames_removed"},{"filename":"/home/airflow/.local/lib/python3.11/site-packages/lightgbm/__init__.py","lineno":8,"name":"<module>"},{"filename":"/home/airflow/.local/lib/python3.11/site-packages/lightgbm/basic.py","lineno":226,"name":"<module>"},{"filename":"/home/airflow/.local/lib/python3.11/site-packages/lightgbm/basic.py","lineno":211,"name":"_load_lib"},{"filename":"/usr/python/lib/python3.11/ctypes/__init__.py","lineno":454,"name":"LoadLibrary"},{"filename":"/usr/python/lib/python3.11/ctypes/__init__.py","lineno":376,"name":"__init__"}],"is_group":false,"exceptions":[]}]}
{"timestamp":"2026-01-15T03:44:07.400014Z","level":"info","event":"Task instance in failure state","logger":"task.stdout"}
{"timestamp":"2026-01-15T03:44:07.400807Z","level":"info","event":"Task start","logger":"task.stdout"}
{"timestamp":"2026-01-15T03:44:07.401112Z","level":"info","event":"Task:<Task(PythonOperator): retrain_task>","logger":"task.stdout"}
{"timestamp":"2026-01-15T03:44:07.401450Z","level":"info","event":"Failure caused by libgomp.so.1: cannot open shared object file: No such file or directory","logger":"task.stdout"}
{"timestamp":"2026-01-15T04:26:27.881529Z","level":"info","event":"DAG bundles loaded: dags-folder, example_dags","logger":"airflow.dag_processing.bundles.manager.DagBundlesManager","filename":"manager.py","lineno":179}
{"timestamp":"2026-01-15T04:26:27.882561Z","level":"info","event":"Filling up the DagBag from /opt/airflow/dags/dag_drift_monitoring.py","logger":"airflow.models.dagbag.DagBag","filename":"dagbag.py","lineno":593}
{"timestamp":"2026-01-15T04:26:30.618322Z","level":"warning","event":"The `airflow.operators.python.PythonOperator` attribute is deprecated. Please use `'airflow.providers.standard.operators.python.PythonOperator'`.","category":"DeprecatedImportWarning","filename":"/opt/airflow/dags/dag_drift_monitoring.py","lineno":9,"logger":"py.warnings"}
{"timestamp":"2026-01-15T04:26:30.618468Z","level":"warning","event":"The `airflow.operators.python.BranchPythonOperator` attribute is deprecated. Please use `'airflow.providers.standard.operators.python.BranchPythonOperator'`.","category":"DeprecatedImportWarning","filename":"/opt/airflow/dags/dag_drift_monitoring.py","lineno":9,"logger":"py.warnings"}
{"timestamp":"2026-01-15T04:26:30.618541Z","level":"warning","event":"The `airflow.operators.empty.EmptyOperator` attribute is deprecated. Please use `'airflow.providers.standard.operators.empty.EmptyOperator'`.","category":"DeprecatedImportWarning","filename":"/opt/airflow/dags/dag_drift_monitoring.py","lineno":10,"logger":"py.warnings"}
{"timestamp":"2026-01-15T04:26:30.632135Z","level":"info","event":"Task instance is in running state","logger":"task.stdout"}
{"timestamp":"2026-01-15T04:26:30.632525Z","level":"info","event":" Previous state of the Task instance: TaskInstanceState.QUEUED","logger":"task.stdout"}
{"timestamp":"2026-01-15T04:26:30.632791Z","level":"info","event":"Current task name:retrain_task","logger":"task.stdout"}
{"timestamp":"2026-01-15T04:26:30.633006Z","level":"info","event":"Dag name:drift_monitoring_dag","logger":"task.stdout"}
{"timestamp":"2026-01-15T04:26:30.634166Z","level":"info","event":"Запуск переобучения модели...","logger":"task.stdout"}
{"timestamp":"2026-01-15T04:26:30.644772Z","level":"info","event":"","logger":"task.stdout"}
{"timestamp":"2026-01-15T04:26:30.645046Z","level":"info","event":"Информация о данных:","logger":"task.stdout"}
{"timestamp":"2026-01-15T04:26:30.645301Z","level":"info","event":"  Размер: (300, 7)","logger":"task.stdout"}
{"timestamp":"2026-01-15T04:26:30.645566Z","level":"info","event":"  Колонки: ['Unnamed: 0', 'age', 'sex', 'credit_amount', 'duration', 'foreign_worker_', 'class']","logger":"task.stdout"}
{"timestamp":"2026-01-15T04:26:30.645773Z","level":"info","event":"  Типы данных:","logger":"task.stdout"}
{"timestamp":"2026-01-15T04:26:30.646033Z","level":"info","event":"    Unnamed: 0: int64","logger":"task.stdout"}
{"timestamp":"2026-01-15T04:26:30.646312Z","level":"info","event":"    age: int64","logger":"task.stdout"}
{"timestamp":"2026-01-15T04:26:30.646601Z","level":"info","event":"    sex: object","logger":"task.stdout"}
{"timestamp":"2026-01-15T04:26:30.646830Z","level":"info","event":"    credit_amount: int64","logger":"task.stdout"}
{"timestamp":"2026-01-15T04:26:30.647043Z","level":"info","event":"    duration: int64","logger":"task.stdout"}
{"timestamp":"2026-01-15T04:26:30.647258Z","level":"info","event":"    foreign_worker_: object","logger":"task.stdout"}
{"timestamp":"2026-01-15T04:26:30.647454Z","level":"info","event":"    class: int64","logger":"task.stdout"}
{"timestamp":"2026-01-15T04:26:30.647671Z","level":"info","event":"","logger":"task.stdout"}
{"timestamp":"2026-01-15T04:26:30.647893Z","level":"info","event":"Распределение целевой переменной:","logger":"task.stdout"}
{"timestamp":"2026-01-15T04:26:30.648402Z","level":"info","event":"1    163","logger":"task.stdout"}
{"timestamp":"2026-01-15T04:26:30.648702Z","level":"info","event":"0    137","logger":"task.stdout"}
{"timestamp":"2026-01-15T04:26:30.648973Z","level":"info","event":"Name: class, dtype: int64","logger":"task.stdout"}
{"timestamp":"2026-01-15T04:26:30.648969Z","level":"warning","event":"The filesystem tracking backend (e.g., './mlruns') will be deprecated in February 2026. Consider transitioning to a database backend (e.g., 'sqlite:///mlflow.db') to take advantage of the latest MLflow features. See https://github.com/mlflow/mlflow/issues/18534 for more details and migration guidance. For migrating existing data, https://github.com/mlflow/mlflow-export-import can be used.","category":"FutureWarning","filename":"/home/airflow/.local/lib/python3.11/site-packages/mlflow/tracking/_tracking_service/utils.py","lineno":178,"logger":"py.warnings"}
{"timestamp":"2026-01-15T04:26:30.655693Z","level":"info","event":"","logger":"task.stdout"}
{"timestamp":"2026-01-15T04:26:30.656015Z","level":"info","event":"Настройка PyCaret...","logger":"task.stdout"}
{"timestamp":"2026-01-15T04:26:30.676815Z","level":"error","event":"Task failed with exception","logger":"task","filename":"task_runner.py","lineno":1078,"error_detail":[{"exc_type":"OSError","exc_value":"libgomp.so.1: cannot open shared object file: No such file or directory","exc_notes":[],"syntax_error":null,"is_cause":false,"frames":[{"filename":"/home/airflow/.local/lib/python3.11/site-packages/airflow/sdk/execution_time/task_runner.py","lineno":1004,"name":"run"},{"filename":"/home/airflow/.local/lib/python3.11/site-packages/airflow/sdk/execution_time/task_runner.py","lineno":1405,"name":"_execute_task"},{"filename":"/home/airflow/.local/lib/python3.11/site-packages/airflow/sdk/bases/operator.py","lineno":417,"name":"wrapper"},{"filename":"/home/airflow/.local/lib/python3.11/site-packages/airflow/providers/standard/operators/python.py","lineno":214,"name":"execute"},{"filename":"/home/airflow/.local/lib/python3.11/site-packages/airflow/providers/standard/operators/python.py","lineno":237,"name":"execute_callable"},{"filename":"/home/airflow/.local/lib/python3.11/site-packages/airflow/sdk/execution_time/callback_runner.py","lineno":82,"name":"run"},{"filename":"/opt/airflow/dags/dag_drift_monitoring.py","lineno":146,"name":"retrain_model"},{"filename":"/home/airflow/.local/lib/python3.11/site-packages/pycaret/classification/functional.py","lineno":595,"name":"setup"},{"filename":"/home/airflow/.local/lib/python3.11/site-packages/pycaret/classification/oop.py","lineno":715,"name":"setup"},{"filename":"/home/airflow/.local/lib/python3.11/site-packages/pycaret/internal/pycaret_experiment/tabular_experiment.py","lineno":328,"name":"_initialize_setup"},{"filename":"/home/airflow/.local/lib/python3.11/site-packages/pycaret/internal/pycaret_experiment/pycaret_experiment.py","lineno":121,"name":"_check_environment"},{"filename":"/home/airflow/.local/lib/python3.11/site-packages/pycaret/utils/_show_versions.py","lineno":165,"name":"show_versions"},{"filename":"/home/airflow/.local/lib/python3.11/site-packages/pycaret/utils/_show_versions.py","lineno":130,"name":"_get_deps_info"},{"filename":"/home/airflow/.local/lib/python3.11/site-packages/pycaret/utils/_dependencies.py","lineno":81,"name":"get_module_version"},{"filename":"/home/airflow/.local/lib/python3.11/site-packages/pycaret/utils/_dependencies.py","lineno":75,"name":"_get_module_version"},{"filename":"/home/airflow/.local/lib/python3.11/site-packages/pycaret/utils/_dependencies.py","lineno":28,"name":"_try_import_and_get_module_version"},{"filename":"/usr/python/lib/python3.11/importlib/__init__.py","lineno":126,"name":"import_module"},{"filename":"<frozen importlib._bootstrap>","lineno":1204,"name":"_gcd_import"},{"filename":"<frozen importlib._bootstrap>","lineno":1176,"name":"_find_and_load"},{"filename":"<frozen importlib._bootstrap>","lineno":1147,"name":"_find_and_load_unlocked"},{"filename":"<frozen importlib._bootstrap>","lineno":690,"name":"_load_unlocked"},{"filename":"<frozen importlib._bootstrap_external>","lineno":940,"name":"exec_module"},{"filename":"<frozen importlib._bootstrap>","lineno":241,"name":"_call_with_frames_removed"},{"filename":"/home/airflow/.local/lib/python3.11/site-packages/lightgbm/__init__.py","lineno":8,"name":"<module>"},{"filename":"/home/airflow/.local/lib/python3.11/site-packages/lightgbm/basic.py","lineno":226,"name":"<module>"},{"filename":"/home/airflow/.local/lib/python3.11/site-packages/lightgbm/basic.py","lineno":211,"name":"_load_lib"},{"filename":"/usr/python/lib/python3.11/ctypes/__init__.py","lineno":454,"name":"LoadLibrary"},{"filename":"/usr/python/lib/python3.11/ctypes/__init__.py","lineno":376,"name":"__init__"}],"is_group":false,"exceptions":[]}]}
{"timestamp":"2026-01-15T04:26:30.678445Z","level":"info","event":"Task instance in failure state","logger":"task.stdout"}
{"timestamp":"2026-01-15T04:26:30.678872Z","level":"info","event":"Task start","logger":"task.stdout"}
{"timestamp":"2026-01-15T04:26:30.679146Z","level":"info","event":"Task:<Task(PythonOperator): retrain_task>","logger":"task.stdout"}
{"timestamp":"2026-01-15T04:26:30.679508Z","level":"info","event":"Failure caused by libgomp.so.1: cannot open shared object file: No such file or directory","logger":"task.stdout"}
