{"timestamp":"2026-01-15T07:05:45.973280Z","level":"info","event":"DAG bundles loaded: dags-folder, example_dags","logger":"airflow.dag_processing.bundles.manager.DagBundlesManager","filename":"manager.py","lineno":179}
{"timestamp":"2026-01-15T07:05:45.974304Z","level":"info","event":"Filling up the DagBag from /opt/airflow/dags/dag_drift_monitoring.py","logger":"airflow.models.dagbag.DagBag","filename":"dagbag.py","lineno":593}
{"timestamp":"2026-01-15T07:05:48.563734Z","level":"warning","event":"The `airflow.operators.python.PythonOperator` attribute is deprecated. Please use `'airflow.providers.standard.operators.python.PythonOperator'`.","category":"DeprecatedImportWarning","filename":"/opt/airflow/dags/dag_drift_monitoring.py","lineno":9,"logger":"py.warnings"}
{"timestamp":"2026-01-15T07:05:48.563897Z","level":"warning","event":"The `airflow.operators.python.BranchPythonOperator` attribute is deprecated. Please use `'airflow.providers.standard.operators.python.BranchPythonOperator'`.","category":"DeprecatedImportWarning","filename":"/opt/airflow/dags/dag_drift_monitoring.py","lineno":9,"logger":"py.warnings"}
{"timestamp":"2026-01-15T07:05:48.563971Z","level":"warning","event":"The `airflow.operators.empty.EmptyOperator` attribute is deprecated. Please use `'airflow.providers.standard.operators.empty.EmptyOperator'`.","category":"DeprecatedImportWarning","filename":"/opt/airflow/dags/dag_drift_monitoring.py","lineno":10,"logger":"py.warnings"}
{"timestamp":"2026-01-15T07:05:48.583865Z","level":"info","event":"Task instance is in running state","logger":"task.stdout"}
{"timestamp":"2026-01-15T07:05:48.584279Z","level":"info","event":" Previous state of the Task instance: TaskInstanceState.QUEUED","logger":"task.stdout"}
{"timestamp":"2026-01-15T07:05:48.588798Z","level":"info","event":"Current task name:retrain_task","logger":"task.stdout"}
{"timestamp":"2026-01-15T07:05:48.589133Z","level":"info","event":"Dag name:drift_monitoring_dag","logger":"task.stdout"}
{"timestamp":"2026-01-15T07:05:48.589444Z","level":"info","event":"Запуск переобучения модели...","logger":"task.stdout"}
{"timestamp":"2026-01-15T07:05:48.599477Z","level":"info","event":"","logger":"task.stdout"}
{"timestamp":"2026-01-15T07:05:48.599839Z","level":"info","event":"Информация о данных:","logger":"task.stdout"}
{"timestamp":"2026-01-15T07:05:48.600115Z","level":"info","event":"  Размер: (300, 7)","logger":"task.stdout"}
{"timestamp":"2026-01-15T07:05:48.600445Z","level":"info","event":"  Колонки: ['Unnamed: 0', 'age', 'sex', 'credit_amount', 'duration', 'foreign_worker_', 'class']","logger":"task.stdout"}
{"timestamp":"2026-01-15T07:05:48.600651Z","level":"info","event":"  Типы данных:","logger":"task.stdout"}
{"timestamp":"2026-01-15T07:05:48.600855Z","level":"info","event":"    Unnamed: 0: int64","logger":"task.stdout"}
{"timestamp":"2026-01-15T07:05:48.601062Z","level":"info","event":"    age: int64","logger":"task.stdout"}
{"timestamp":"2026-01-15T07:05:48.601410Z","level":"info","event":"    sex: object","logger":"task.stdout"}
{"timestamp":"2026-01-15T07:05:48.601682Z","level":"info","event":"    credit_amount: int64","logger":"task.stdout"}
{"timestamp":"2026-01-15T07:05:48.601906Z","level":"info","event":"    duration: int64","logger":"task.stdout"}
{"timestamp":"2026-01-15T07:05:48.602119Z","level":"info","event":"    foreign_worker_: object","logger":"task.stdout"}
{"timestamp":"2026-01-15T07:05:48.602352Z","level":"info","event":"    class: int64","logger":"task.stdout"}
{"timestamp":"2026-01-15T07:05:48.602561Z","level":"info","event":"","logger":"task.stdout"}
{"timestamp":"2026-01-15T07:05:48.602782Z","level":"info","event":"Распределение целевой переменной:","logger":"task.stdout"}
{"timestamp":"2026-01-15T07:05:48.603109Z","level":"info","event":"1    163","logger":"task.stdout"}
{"timestamp":"2026-01-15T07:05:48.603392Z","level":"info","event":"0    137","logger":"task.stdout"}
{"timestamp":"2026-01-15T07:05:48.603607Z","level":"info","event":"Name: class, dtype: int64","logger":"task.stdout"}
{"timestamp":"2026-01-15T07:05:48.610892Z","level":"info","event":"","logger":"task.stdout"}
{"timestamp":"2026-01-15T07:05:48.611479Z","level":"info","event":"Настройка PyCaret...","logger":"task.stdout"}
{"timestamp":"2026-01-15T07:05:49.843321Z","level":"info","event":"PyCaret настроен успешно!","logger":"task.stdout"}
{"timestamp":"2026-01-15T07:05:49.843450Z","level":"error","event":"Task failed with exception","logger":"task","filename":"task_runner.py","lineno":1078,"error_detail":[{"exc_type":"ValueError","exc_value":"Estimator xgboost Not Available. Please see docstring for list of available estimators.","exc_notes":[],"syntax_error":null,"is_cause":false,"frames":[{"filename":"/home/airflow/.local/lib/python3.11/site-packages/airflow/sdk/execution_time/task_runner.py","lineno":1004,"name":"run"},{"filename":"/home/airflow/.local/lib/python3.11/site-packages/airflow/sdk/execution_time/task_runner.py","lineno":1405,"name":"_execute_task"},{"filename":"/home/airflow/.local/lib/python3.11/site-packages/airflow/sdk/bases/operator.py","lineno":417,"name":"wrapper"},{"filename":"/home/airflow/.local/lib/python3.11/site-packages/airflow/providers/standard/operators/python.py","lineno":214,"name":"execute"},{"filename":"/home/airflow/.local/lib/python3.11/site-packages/airflow/providers/standard/operators/python.py","lineno":237,"name":"execute_callable"},{"filename":"/home/airflow/.local/lib/python3.11/site-packages/airflow/sdk/execution_time/callback_runner.py","lineno":82,"name":"run"},{"filename":"/opt/airflow/dags/dag_drift_monitoring.py","lineno":167,"name":"retrain_model"},{"filename":"/home/airflow/.local/lib/python3.11/site-packages/pycaret/utils/generic.py","lineno":964,"name":"wrapper"},{"filename":"/home/airflow/.local/lib/python3.11/site-packages/pycaret/classification/functional.py","lineno":814,"name":"compare_models"},{"filename":"/home/airflow/.local/lib/python3.11/site-packages/pycaret/classification/oop.py","lineno":1180,"name":"compare_models"},{"filename":"/home/airflow/.local/lib/python3.11/site-packages/pycaret/internal/pycaret_experiment/supervised_experiment.py","lineno":557,"name":"compare_models"}],"is_group":false,"exceptions":[]}]}
{"timestamp":"2026-01-15T07:05:49.863837Z","level":"info","event":"Task instance in failure state","logger":"task.stdout"}
{"timestamp":"2026-01-15T07:05:49.864226Z","level":"info","event":"Task start","logger":"task.stdout"}
{"timestamp":"2026-01-15T07:05:49.864702Z","level":"info","event":"Task:<Task(PythonOperator): retrain_task>","logger":"task.stdout"}
{"timestamp":"2026-01-15T07:05:49.864909Z","level":"info","event":"Failure caused by Estimator xgboost Not Available. Please see docstring for list of available estimators.","logger":"task.stdout"}
