{"timestamp":"2026-01-14T19:41:23.364593Z","level":"info","event":"DAG bundles loaded: dags-folder, example_dags","logger":"airflow.dag_processing.bundles.manager.DagBundlesManager","filename":"manager.py","lineno":179}
{"timestamp":"2026-01-14T19:41:23.365572Z","level":"info","event":"Filling up the DagBag from /opt/airflow/dags/dag_drift_monitoring.py","logger":"airflow.models.dagbag.DagBag","filename":"dagbag.py","lineno":593}
{"timestamp":"2026-01-14T19:41:26.290450Z","level":"warning","event":"The `airflow.operators.python.PythonOperator` attribute is deprecated. Please use `'airflow.providers.standard.operators.python.PythonOperator'`.","category":"DeprecatedImportWarning","filename":"/opt/airflow/dags/dag_drift_monitoring.py","lineno":8,"logger":"py.warnings"}
{"timestamp":"2026-01-14T19:41:26.290681Z","level":"warning","event":"The `airflow.operators.python.BranchPythonOperator` attribute is deprecated. Please use `'airflow.providers.standard.operators.python.BranchPythonOperator'`.","category":"DeprecatedImportWarning","filename":"/opt/airflow/dags/dag_drift_monitoring.py","lineno":8,"logger":"py.warnings"}
{"timestamp":"2026-01-14T19:41:26.290781Z","level":"warning","event":"The `airflow.operators.empty.EmptyOperator` attribute is deprecated. Please use `'airflow.providers.standard.operators.empty.EmptyOperator'`.","category":"DeprecatedImportWarning","filename":"/opt/airflow/dags/dag_drift_monitoring.py","lineno":9,"logger":"py.warnings"}
{"timestamp":"2026-01-14T19:41:26.321089Z","level":"info","event":"Task instance is in running state","logger":"task.stdout"}
{"timestamp":"2026-01-14T19:41:26.321837Z","level":"info","event":" Previous state of the Task instance: TaskInstanceState.QUEUED","logger":"task.stdout"}
{"timestamp":"2026-01-14T19:41:26.322270Z","level":"info","event":"Current task name:retrain_task","logger":"task.stdout"}
{"timestamp":"2026-01-14T19:41:26.322598Z","level":"info","event":"Dag name:drift_monitoring_dag","logger":"task.stdout"}
{"timestamp":"2026-01-14T19:41:26.323610Z","level":"info","event":"Запуск переобучения модели...","logger":"task.stdout"}
{"timestamp":"2026-01-14T19:41:26.347122Z","level":"info","event":"","logger":"task.stdout"}
{"timestamp":"2026-01-14T19:41:26.347516Z","level":"info","event":"Информация о данных:","logger":"task.stdout"}
{"timestamp":"2026-01-14T19:41:26.347860Z","level":"info","event":"  Размер: (300, 7)","logger":"task.stdout"}
{"timestamp":"2026-01-14T19:41:26.348143Z","level":"info","event":"  Колонки: ['Unnamed: 0', 'age', 'sex', 'credit_amount', 'duration', 'foreign_worker_', 'class']","logger":"task.stdout"}
{"timestamp":"2026-01-14T19:41:26.348597Z","level":"info","event":"  Типы данных:","logger":"task.stdout"}
{"timestamp":"2026-01-14T19:41:26.348917Z","level":"info","event":"    Unnamed: 0: int64","logger":"task.stdout"}
{"timestamp":"2026-01-14T19:41:26.349180Z","level":"info","event":"    age: int64","logger":"task.stdout"}
{"timestamp":"2026-01-14T19:41:26.349425Z","level":"info","event":"    sex: object","logger":"task.stdout"}
{"timestamp":"2026-01-14T19:41:26.349684Z","level":"info","event":"    credit_amount: int64","logger":"task.stdout"}
{"timestamp":"2026-01-14T19:41:26.349926Z","level":"info","event":"    duration: int64","logger":"task.stdout"}
{"timestamp":"2026-01-14T19:41:26.350190Z","level":"info","event":"    foreign_worker_: object","logger":"task.stdout"}
{"timestamp":"2026-01-14T19:41:26.350431Z","level":"info","event":"    class: int64","logger":"task.stdout"}
{"timestamp":"2026-01-14T19:41:26.350674Z","level":"info","event":"","logger":"task.stdout"}
{"timestamp":"2026-01-14T19:41:26.350944Z","level":"info","event":"Распределение целевой переменной:","logger":"task.stdout"}
{"timestamp":"2026-01-14T19:41:26.351352Z","level":"info","event":"1    163","logger":"task.stdout"}
{"timestamp":"2026-01-14T19:41:26.351630Z","level":"info","event":"0    137","logger":"task.stdout"}
{"timestamp":"2026-01-14T19:41:26.351901Z","level":"info","event":"Name: class, dtype: int64","logger":"task.stdout"}
{"timestamp":"2026-01-14T19:41:26.348746Z","level":"error","event":"Task failed with exception","logger":"task","filename":"task_runner.py","lineno":1078,"error_detail":[{"exc_type":"NameError","exc_value":"name 'mlflow' is not defined","exc_notes":[],"syntax_error":null,"is_cause":false,"frames":[{"filename":"/home/airflow/.local/lib/python3.11/site-packages/airflow/sdk/execution_time/task_runner.py","lineno":1004,"name":"run"},{"filename":"/home/airflow/.local/lib/python3.11/site-packages/airflow/sdk/execution_time/task_runner.py","lineno":1405,"name":"_execute_task"},{"filename":"/home/airflow/.local/lib/python3.11/site-packages/airflow/sdk/bases/operator.py","lineno":417,"name":"wrapper"},{"filename":"/home/airflow/.local/lib/python3.11/site-packages/airflow/providers/standard/operators/python.py","lineno":214,"name":"execute"},{"filename":"/home/airflow/.local/lib/python3.11/site-packages/airflow/providers/standard/operators/python.py","lineno":237,"name":"execute_callable"},{"filename":"/home/airflow/.local/lib/python3.11/site-packages/airflow/sdk/execution_time/callback_runner.py","lineno":82,"name":"run"},{"filename":"/opt/airflow/dags/dag_drift_monitoring.py","lineno":141,"name":"retrain_model"}],"is_group":false,"exceptions":[]}]}
{"timestamp":"2026-01-14T19:41:26.380532Z","level":"info","event":"Task instance in failure state","logger":"task.stdout"}
{"timestamp":"2026-01-14T19:41:26.381061Z","level":"info","event":"Task start","logger":"task.stdout"}
{"timestamp":"2026-01-14T19:41:26.381443Z","level":"info","event":"Task:<Task(PythonOperator): retrain_task>","logger":"task.stdout"}
{"timestamp":"2026-01-14T19:41:26.381720Z","level":"info","event":"Failure caused by name 'mlflow' is not defined","logger":"task.stdout"}
