{"timestamp":"2026-01-14T12:54:44.607225Z","level":"info","event":"DAG bundles loaded: dags-folder, example_dags","logger":"airflow.dag_processing.bundles.manager.DagBundlesManager","filename":"manager.py","lineno":179}
{"timestamp":"2026-01-14T12:54:44.608654Z","level":"info","event":"Filling up the DagBag from /opt/airflow/dags/dag_drift_monitoring.py","logger":"airflow.models.dagbag.DagBag","filename":"dagbag.py","lineno":593}
{"timestamp":"2026-01-14T12:54:45.171259Z","level":"warning","event":"The `airflow.operators.python.PythonOperator` attribute is deprecated. Please use `'airflow.providers.standard.operators.python.PythonOperator'`.","category":"DeprecatedImportWarning","filename":"/opt/airflow/dags/dag_drift_monitoring.py","lineno":10,"logger":"py.warnings"}
{"timestamp":"2026-01-14T12:54:45.171407Z","level":"warning","event":"The `airflow.operators.python.BranchPythonOperator` attribute is deprecated. Please use `'airflow.providers.standard.operators.python.BranchPythonOperator'`.","category":"DeprecatedImportWarning","filename":"/opt/airflow/dags/dag_drift_monitoring.py","lineno":10,"logger":"py.warnings"}
{"timestamp":"2026-01-14T12:54:45.171480Z","level":"warning","event":"The `airflow.operators.empty.EmptyOperator` attribute is deprecated. Please use `'airflow.providers.standard.operators.empty.EmptyOperator'`.","category":"DeprecatedImportWarning","filename":"/opt/airflow/dags/dag_drift_monitoring.py","lineno":11,"logger":"py.warnings"}
{"timestamp":"2026-01-14T12:54:45.192791Z","level":"info","event":"Task instance is in running state","logger":"task.stdout"}
{"timestamp":"2026-01-14T12:54:45.195842Z","level":"info","event":" Previous state of the Task instance: TaskInstanceState.QUEUED","logger":"task.stdout"}
{"timestamp":"2026-01-14T12:54:45.196118Z","level":"info","event":"Current task name:check_drift_task","logger":"task.stdout"}
{"timestamp":"2026-01-14T12:54:45.196367Z","level":"info","event":"Dag name:drift_monitoring_dag","logger":"task.stdout"}
{"timestamp":"2026-01-14T12:54:45.205273Z","level":"info","event":"psi_value =  0","logger":"task.stdout"}
{"timestamp":"2026-01-14T12:54:45.205573Z","level":"info","event":"psi_value =  0","logger":"task.stdout"}
{"timestamp":"2026-01-14T12:54:45.205797Z","level":"info","event":"psi_value =  0","logger":"task.stdout"}
{"timestamp":"2026-01-14T12:54:45.206281Z","level":"info","event":"psi_value =  0","logger":"task.stdout"}
{"timestamp":"2026-01-14T12:54:45.207281Z","level":"info","event":"psi_value =  0","logger":"task.stdout"}
{"timestamp":"2026-01-14T12:54:45.207522Z","level":"info","event":"Average PSI: 0.0","logger":"task.stdout"}
{"timestamp":"2026-01-14T12:54:45.207630Z","level":"warning","event":"In the future `np.bool` will be defined as the corresponding NumPy scalar.","category":"FutureWarning","filename":"/home/airflow/.local/lib/python3.12/site-packages/airflow/serialization/serializers/numpy.py","lineno":75,"logger":"py.warnings"}
{"timestamp":"2026-01-14T12:54:45.220106Z","level":"info","event":"Done. Returned value was: 0.0","logger":"airflow.task.operators.airflow.providers.standard.operators.python.PythonOperator","filename":"python.py","lineno":216}
{"timestamp":"2026-01-14T12:54:45.220388Z","level":"info","event":"Pushing xcom","ti":"RuntimeTaskInstance(id=UUID('019bbc92-9895-70bf-85e5-70ebacdc1e12'), task_id='check_drift_task', dag_id='drift_monitoring_dag', run_id='manual__2026-01-14T12:54:41+00:00', try_number=1, dag_version_id=UUID('019bbbbb-7690-77ee-ada5-2754b5e3087c'), map_index=-1, hostname='2b9683c9ed69', context_carrier={}, task=<Task(PythonOperator): check_drift_task>, bundle_instance=LocalDagBundle(name=dags-folder), max_tries=1, start_date=datetime.datetime(2026, 1, 14, 12, 54, 44, 157059, tzinfo=datetime.timezone.utc), end_date=None, state=<TaskInstanceState.RUNNING: 'running'>, is_mapped=False, rendered_map_index=None)","logger":"task","filename":"task_runner.py","lineno":1450}
{"timestamp":"2026-01-14T12:54:45.251197Z","level":"info","event":"Task instance in success state","logger":"task.stdout"}
{"timestamp":"2026-01-14T12:54:45.251957Z","level":"info","event":" Previous state of the Task instance: TaskInstanceState.RUNNING","logger":"task.stdout"}
{"timestamp":"2026-01-14T12:54:45.252576Z","level":"info","event":"Task operator:<Task(PythonOperator): check_drift_task>","logger":"task.stdout"}
